Archive member included because of file (symbol)

/usr/bin/../lib/gcc/arm-none-eabi/4.9.3/armv6-m/libgcc.a(_thumb1_case_uqi.o)
                              bin/main.o (__gnu_thumb1_case_uqi)
/usr/bin/../lib/gcc/arm-none-eabi/4.9.3/armv6-m/libgcc.a(_udivsi3.o)
                              bin/adc_11xx.o (__aeabi_uidiv)
/usr/bin/../lib/gcc/arm-none-eabi/4.9.3/armv6-m/libgcc.a(_divsi3.o)
                              bin/util.o (__aeabi_idiv)
/usr/bin/../lib/gcc/arm-none-eabi/4.9.3/armv6-m/libgcc.a(_dvmd_tls.o)
                              /usr/bin/../lib/gcc/arm-none-eabi/4.9.3/armv6-m/libgcc.a(_udivsi3.o) (__aeabi_idiv0)
/usr/bin/../lib/gcc/arm-none-eabi/4.9.3/armv6-m/libgcc.a(_aeabi_uldivmod.o)
                              bin/mcp2515.o (__aeabi_uldivmod)
/usr/bin/../lib/gcc/arm-none-eabi/4.9.3/armv6-m/libgcc.a(_fixunsdfsi.o)
                              bin/mcp2515.o (__aeabi_d2uiz)
/usr/bin/../lib/gcc/arm-none-eabi/4.9.3/armv6-m/libgcc.a(bpabi.o)
                              /usr/bin/../lib/gcc/arm-none-eabi/4.9.3/armv6-m/libgcc.a(_aeabi_uldivmod.o) (__gnu_uldivmod_helper)
/usr/bin/../lib/gcc/arm-none-eabi/4.9.3/armv6-m/libgcc.a(muldf3.o)
                              bin/mcp2515.o (__aeabi_dmul)
/usr/bin/../lib/gcc/arm-none-eabi/4.9.3/armv6-m/libgcc.a(subdf3.o)
                              /usr/bin/../lib/gcc/arm-none-eabi/4.9.3/armv6-m/libgcc.a(_fixunsdfsi.o) (__aeabi_dsub)
/usr/bin/../lib/gcc/arm-none-eabi/4.9.3/armv6-m/libgcc.a(fixdfsi.o)
                              /usr/bin/../lib/gcc/arm-none-eabi/4.9.3/armv6-m/libgcc.a(_fixunsdfsi.o) (__aeabi_d2iz)
/usr/bin/../lib/gcc/arm-none-eabi/4.9.3/armv6-m/libgcc.a(floatsidf.o)
                              bin/mcp2515.o (__aeabi_i2d)
/usr/bin/../lib/gcc/arm-none-eabi/4.9.3/armv6-m/libgcc.a(_arm_cmpdf2.o)
                              /usr/bin/../lib/gcc/arm-none-eabi/4.9.3/armv6-m/libgcc.a(_fixunsdfsi.o) (__aeabi_dcmpge)
/usr/bin/../lib/gcc/arm-none-eabi/4.9.3/armv6-m/libgcc.a(_clzsi2.o)
                              /usr/bin/../lib/gcc/arm-none-eabi/4.9.3/armv6-m/libgcc.a(muldf3.o) (__clzsi2)
/usr/bin/../lib/gcc/arm-none-eabi/4.9.3/armv6-m/libgcc.a(_muldi3.o)
                              /usr/bin/../lib/gcc/arm-none-eabi/4.9.3/armv6-m/libgcc.a(bpabi.o) (__aeabi_lmul)
/usr/bin/../lib/gcc/arm-none-eabi/4.9.3/armv6-m/libgcc.a(_divdi3.o)
                              /usr/bin/../lib/gcc/arm-none-eabi/4.9.3/armv6-m/libgcc.a(bpabi.o) (__divdi3)
/usr/bin/../lib/gcc/arm-none-eabi/4.9.3/armv6-m/libgcc.a(_udivdi3.o)
                              /usr/bin/../lib/gcc/arm-none-eabi/4.9.3/armv6-m/libgcc.a(bpabi.o) (__udivdi3)
/usr/bin/../lib/gcc/arm-none-eabi/4.9.3/armv6-m/libgcc.a(eqdf2.o)
                              /usr/bin/../lib/gcc/arm-none-eabi/4.9.3/armv6-m/libgcc.a(_arm_cmpdf2.o) (__eqdf2)
/usr/bin/../lib/gcc/arm-none-eabi/4.9.3/armv6-m/libgcc.a(gedf2.o)
                              /usr/bin/../lib/gcc/arm-none-eabi/4.9.3/armv6-m/libgcc.a(_arm_cmpdf2.o) (__gedf2)
/usr/bin/../lib/gcc/arm-none-eabi/4.9.3/armv6-m/libgcc.a(ledf2.o)
                              /usr/bin/../lib/gcc/arm-none-eabi/4.9.3/armv6-m/libgcc.a(_arm_cmpdf2.o) (__ledf2)
/usr/bin/../lib/gcc/arm-none-eabi/4.9.3/armv6-m/libgcc.a(_clzdi2.o)
                              /usr/bin/../lib/gcc/arm-none-eabi/4.9.3/armv6-m/libgcc.a(_divdi3.o) (__clzdi2)
/usr/bin/../lib/gcc/arm-none-eabi/4.9.3/../../../../arm-none-eabi/lib/armv6-m/libg.a(lib_a-memcpy.o)
                              bin/ring_buffer.o (memcpy)
/usr/bin/../lib/gcc/arm-none-eabi/4.9.3/../../../../arm-none-eabi/lib/armv6-m/libg.a(lib_a-strlen.o)
                              bin/board.o (strlen)

Allocating common symbols
Common symbol       size              file

_int_pin            0x1               bin/mcp2515.o
_cs_pin             0x1               bin/mcp2515.o
msTicks             0x4               bin/board.o
_int_gpio           0x1               bin/mcp2515.o
_cs_gpio            0x1               bin/mcp2515.o

Discarded input sections

 .data          0x00000000        0x0 bin/startup_LPC11xx.o
 .bss           0x00000000        0x0 bin/startup_LPC11xx.o
 .ARM.extab.isr_vector
                0x00000000        0x0 bin/startup_LPC11xx.o
 .group         0x00000000        0x8 bin/adc_1125.o
 .group         0x00000000        0x8 bin/adc_1125.o
 .group         0x00000000        0x8 bin/adc_1125.o
 .group         0x00000000        0x8 bin/adc_1125.o
 .group         0x00000000        0x8 bin/adc_1125.o
 .group         0x00000000        0x8 bin/adc_1125.o
 .group         0x00000000        0x8 bin/adc_1125.o
 .group         0x00000000        0x8 bin/adc_1125.o
 .group         0x00000000        0x8 bin/adc_1125.o
 .group         0x00000000        0x8 bin/adc_1125.o
 .group         0x00000000        0x8 bin/adc_1125.o
 .group         0x00000000        0x8 bin/adc_1125.o
 .group         0x00000000        0x8 bin/adc_1125.o
 .group         0x00000000        0x8 bin/adc_1125.o
 .group         0x00000000        0x8 bin/adc_1125.o
[...]
Memory Configuration

Name             Origin             Length             Attributes
FLASH            0x00000000         0x00008000         xr
RAM              0x10000100         0x00001f00         xrw
*default*        0x00000000         0xffffffff

Linker script and memory map

LOAD bin/startup_LPC11xx.o
LOAD bin/adc_1125.o
LOAD bin/adc_11xx.o
LOAD bin/chip_11xx.o
LOAD bin/clock_11xx.o
LOAD bin/gpio_11xx_1.o
LOAD bin/gpio_11xx_2.o
LOAD bin/gpiogroup_11xx.o
LOAD bin/i2c_11xx.o
LOAD bin/iocon_11xx.o
LOAD bin/pinint_11xx.o
LOAD bin/pmu_11xx.o
LOAD bin/ring_buffer.o
LOAD bin/ssp_11xx.o
LOAD bin/sysctl_11xx.o
LOAD bin/sysinit_11xx.o
LOAD bin/timer_11xx.o
LOAD bin/uart_11xx.o
LOAD bin/wwdt_11xx.o
LOAD bin/a123mbb.o
LOAD bin/brusa.o
LOAD bin/mcp2515.o
LOAD bin/util.o
LOAD bin/board.o
LOAD bin/main.o
LOAD bin/sysinit.o
START GROUP
LOAD /usr/bin/../lib/gcc/arm-none-eabi/4.9.3/armv6-m/libgcc.a
LOAD /usr/bin/../lib/gcc/arm-none-eabi/4.9.3/../../../../arm-none-eabi/lib/armv6-m/libg.a
LOAD /usr/bin/../lib/gcc/arm-none-eabi/4.9.3/../../../../arm-none-eabi/lib/armv6-m/libc.a
END GROUP

.text           0x00000000      0xe5e
 *(.isr_vector)
 .isr_vector    0x00000000       0xd0 bin/startup_LPC11xx.o
                0x00000000                __isr_vector
                0x000000c0                Reset_Handler
 *(.text*)
 .text          0x000000d0        0xc bin/startup_LPC11xx.o
                0x000000d0                NMI_Handler
                0x000000d2                HardFault_Handler
                0x000000d4                SVC_Handler
                0x000000d6                PendSV_Handler
                0x000000da                TIMER16_0_IRQHandler
                0x000000da                UART_IRQHandler
                0x000000da                TIMER32_0_IRQHandler
                0x000000da                TIMER32_1_IRQHandler
                0x000000da                PIOINT1_IRQHandler
                0x000000da                SSP0_IRQHandler
                0x000000da                TIMER16_1_IRQHandler
                0x000000da                Default_Handler
                0x000000da                ADC_IRQHandler
                0x000000da                SSP1_IRQHandler
                0x000000da                PIOINT2_IRQHandler
                0x000000da                BOD_IRQHandler
                0x000000da                WAKEUP_IRQHandler
                0x000000da                PIOINT0_IRQHandler
                0x000000da                I2C_IRQHandler
                0x000000da                WDT_IRQHandler
                0x000000da                PIOINT3_IRQHandler
 .text.SystemCoreClockUpdate
                0x000000dc       0x10 bin/chip_11xx.o
                0x000000dc                SystemCoreClockUpdate
 .text.Chip_Clock_GetWDTOSCRate
                0x000000ec       0x28 bin/clock_11xx.o
                0x000000ec                Chip_Clock_GetWDTOSCRate
 .text.Chip_Clock_GetSystemPLLInClockRate
                0x00000114       0x28 bin/clock_11xx.o
                0x00000114                Chip_Clock_GetSystemPLLInClockRate
 .text.Chip_Clock_GetSystemPLLOutClockRate
                0x0000013c       0x18 bin/clock_11xx.o
                0x0000013c                Chip_Clock_GetSystemPLLOutClockRate
 .text.Chip_Clock_GetMainClockRate
                0x00000154       0x34 bin/clock_11xx.o
                0x00000154                Chip_Clock_GetMainClockRate
 .text.Chip_Clock_GetSystemClockRate
                0x00000188       0x14 bin/clock_11xx.o
                0x00000188                Chip_Clock_GetSystemClockRate
 .text.Chip_GPIO_Init
                0x0000019c       0x10 bin/gpio_11xx_2.o
                0x0000019c                Chip_GPIO_Init
 .text.Chip_GPIO_WriteDirBit
                0x000001ac       0x28 bin/gpio_11xx_2.o
                0x000001ac                Chip_GPIO_WriteDirBit
 .text.RingBuffer_Init
                0x000001d4       0x10 bin/ring_buffer.o
                0x000001d4                RingBuffer_Init
 .text.RingBuffer_Insert
                0x000001e4       0x30 bin/ring_buffer.o
                0x000001e4                RingBuffer_Insert
 .text.RingBuffer_Pop
                0x00000214       0x30 bin/ring_buffer.o
                0x00000214                RingBuffer_Pop
 .text.Chip_SSP_SetClockRate
                0x00000244       0x18 bin/ssp_11xx.o
                0x00000244                Chip_SSP_SetClockRate
 .text.Chip_SSP_SetMaster
                0x0000025c       0x10 bin/ssp_11xx.o
                0x0000025c                Chip_SSP_SetMaster
 .text.Chip_SSP_SetBitRate
                0x0000026c       0x64 bin/ssp_11xx.o
                0x0000026c                Chip_SSP_SetBitRate
 .text.Chip_SSP_Init
                0x000002d0       0x74 bin/ssp_11xx.o
                0x000002d0                Chip_SSP_Init
 .text.Chip_UART_Init
                0x00000344       0x28 bin/uart_11xx.o
                0x00000344                Chip_UART_Init
 .text.Chip_UART_Send
                0x0000036c       0x1a bin/uart_11xx.o
                0x0000036c                Chip_UART_Send
 .text.Chip_UART_SendBlocking
                0x00000386       0x24 bin/uart_11xx.o
                0x00000386                Chip_UART_SendBlocking
 .text.Chip_UART_Read
                0x000003aa       0x1a bin/uart_11xx.o
                0x000003aa                Chip_UART_Read
 .text.Chip_UART_SetBaud
                0x000003c4       0x38 bin/uart_11xx.o
                0x000003c4                Chip_UART_SetBaud
 .text.__reverse
                0x000003fc       0x14 bin/util.o
                0x000003fc                __reverse
 .text.itoa     0x00000410       0x6c bin/util.o
                0x00000410                itoa
 .text.SysTick_Handler
                0x0000047c       0x10 bin/board.o
                0x0000047c                SysTick_Handler
 .text.CAN_IRQHandler
                0x0000048c       0x14 bin/board.o
                0x0000048c                CAN_IRQHandler
 .text.Board_SysTick_Init
                0x000004a0       0x48 bin/board.o
                0x000004a0                Board_SysTick_Init
 .text.Board_LEDs_Init
                0x000004e8       0x1a bin/board.o
                0x000004e8                Board_LEDs_Init
 *fill*         0x00000502        0x2 
 .text.Board_SPI_Init
                0x00000504       0x18 bin/board.o
                0x00000504                Board_SPI_Init
 .text.SSP_Buffer_Init
                0x0000051c       0x24 bin/board.o
                0x0000051c                SSP_Buffer_Init
 .text.Board_UART_Init
                0x00000540       0x38 bin/board.o
                0x00000540                Board_UART_Init
 .text.Board_UART_Print
                0x00000578       0x18 bin/board.o
                0x00000578                Board_UART_Print
 .text.Board_UART_Println
                0x00000590       0x14 bin/board.o
                0x00000590                Board_UART_Println
 .text.Board_UART_SendBlocking
                0x000005a4       0x14 bin/board.o
                0x000005a4                Board_UART_SendBlocking
 .text.Board_UART_Read
                0x000005b8       0x18 bin/board.o
                0x000005b8                Board_UART_Read
 .text.CAN_baudrate_calculate
                0x000005d0       0x7c bin/board.o
                0x000005d0                CAN_baudrate_calculate
 .text.Board_CAN_Init
                0x0000064c       0x48 bin/board.o
                0x0000064c                Board_CAN_Init
 .text.CAN_tx   0x00000694        0x2 bin/main.o
                0x00000694                CAN_tx
 *fill*         0x00000696        0x2 
 .text.CAN_error
                0x00000698       0x14 bin/main.o
                0x00000698                CAN_error
 .text.CAN_rx   0x000006ac       0x30 bin/main.o
                0x000006ac                CAN_rx
 .text.startup.main
                0x000006dc      0x220 bin/main.o
                0x000006dc                main
 .text.SystemInit
                0x000008fc       0x8c bin/sysinit.o
                0x000008fc                SystemInit
 .text          0x00000988       0x14 /usr/bin/../lib/gcc/arm-none-eabi/4.9.3/armv6-m/libgcc.a(_thumb1_case_uqi.o)
                0x00000988                __gnu_thumb1_case_uqi
 .text          0x0000099c      0x120 /usr/bin/../lib/gcc/arm-none-eabi/4.9.3/armv6-m/libgcc.a(_udivsi3.o)
                0x0000099c                __udivsi3
                0x0000099c                __aeabi_uidiv
                0x00000aa8                __aeabi_uidivmod
 .text          0x00000abc      0x1e0 /usr/bin/../lib/gcc/arm-none-eabi/4.9.3/armv6-m/libgcc.a(_divsi3.o)
                0x00000abc                __aeabi_idiv
                0x00000abc                __divsi3
                0x00000c88                __aeabi_idivmod
 .text          0x00000c9c        0x4 /usr/bin/../lib/gcc/arm-none-eabi/4.9.3/armv6-m/libgcc.a(_dvmd_tls.o)
                0x00000c9c                __aeabi_ldiv0
                0x00000c9c                __aeabi_idiv0
 .text.memcpy   0x00000ca0       0x7c /usr/bin/../lib/gcc/arm-none-eabi/4.9.3/../../../../arm-none-eabi/lib/armv6-m/libg.a(lib_a-memcpy.o)
                0x00000ca0                memcpy
 .text.strlen   0x00000d1c       0x68 /usr/bin/../lib/gcc/arm-none-eabi/4.9.3/../../../../arm-none-eabi/lib/armv6-m/libg.a(lib_a-strlen.o)
                0x00000d1c                strlen
 *(.init)
 *(.fini)
 *crtbegin.o(.ctors)
 *crtbegin?.o(.ctors)
 *(EXCLUDE_FILE(*crtend.o *crtend?.o) .ctors)
 *(SORT(.ctors.*))
 *(.ctors)
 *crtbegin.o(.dtors)
 *crtbegin?.o(.dtors)
 *(EXCLUDE_FILE(*crtend.o *crtend?.o) .dtors)
 *(SORT(.dtors.*))
 *(.dtors)
 *(.rodata*)
 .rodata.wdtOSCRate
                0x00000d84       0x40 bin/clock_11xx.o
 .rodata.digits.4175
                0x00000dc4       0x11 bin/util.o
 *fill*         0x00000dd5        0x3 
 .rodata.OscRateIn
                0x00000dd8        0x4 bin/board.o
                0x00000dd8                OscRateIn
 .rodata.str1.1
                0x00000ddc        0x3 bin/board.o
 .rodata.str1.1
                0x00000ddf       0x7f bin/main.o
 *(.eh_frame*)

.glue_7         0x00000e60        0x0
 .glue_7        0x00000000        0x0 linker stubs

.glue_7t        0x00000e60        0x0
 .glue_7t       0x00000000        0x0 linker stubs

.vfp11_veneer   0x00000e60        0x0
 .vfp11_veneer  0x00000000        0x0 linker stubs

.v4_bx          0x00000e60        0x0
 .v4_bx         0x00000000        0x0 linker stubs

.iplt           0x00000e60        0x0
 .iplt          0x00000000        0x0 bin/startup_LPC11xx.o

.ARM.extab
 *(.ARM.extab* .gnu.linkonce.armextab.*)
                0x00000e60                __exidx_start = .

.ARM.exidx      0x00000e60        0x8
 *(.ARM.exidx* .gnu.linkonce.armexidx.*)
 .ARM.exidx.isr_vector
                0x00000e60        0x8 bin/startup_LPC11xx.o
                0x00000e68                __exidx_end = .
                0x00000e68                __etext = .

.rel.dyn        0x00000e68        0x0
 .rel.iplt      0x00000000        0x0 bin/startup_LPC11xx.o

.data           0x10000100        0x4 load address 0x00000e68
                0x10000100                __data_start__ = .
 *(vtable)
 *(.data*)
 .data.SystemCoreClock
                0x10000100        0x4 bin/sysinit.o
                0x10000100                SystemCoreClock
                0x10000104                . = ALIGN (0x4)
                0x10000104                PROVIDE (__preinit_array_start, .)
 *(.preinit_array)
                0x10000104                PROVIDE (__preinit_array_end, .)
                0x10000104                . = ALIGN (0x4)
                0x10000104                PROVIDE (__init_array_start, .)
 *(SORT(.init_array.*))
 *(.init_array)
                0x10000104                PROVIDE (__init_array_end, .)
                0x10000104                . = ALIGN (0x4)
                0x10000104                PROVIDE (__fini_array_start, .)
 *(SORT(.fini_array.*))
 *(.fini_array)
                0x10000104                PROVIDE (__fini_array_end, .)
 *(.jcr*)
                0x10000104                . = ALIGN (0x4)
                0x10000104                __data_end__ = .

.igot.plt       0x10000104        0x0 load address 0x00000e6c
 .igot.plt      0x00000000        0x0 bin/startup_LPC11xx.o

.bss            0x10000108      0x370 load address 0x00000e70
                0x10000108                . = ALIGN (0x4)
                0x10000108                __bss_start__ = .
 *(.bss*)
 .bss.SSP_Rx_Buf
                0x10000108      0x100 bin/board.o
 .bss.SSP_Tx_Buf
                0x10000208      0x100 bin/board.o
 .bss.uart_rx_buffer
                0x10000308        0x8 bin/main.o
 .bss.can_error_info
                0x10000310        0x4 bin/main.o
 .bss.can_error_flag
                0x10000314        0x1 bin/main.o
 *fill*         0x10000315        0x3 
 .bss.can_rx_buffer
                0x10000318       0x14 bin/main.o
 *fill*         0x1000032c        0x4 
 .bss.msg_obj   0x10000330       0x18 bin/main.o
 .bss._rx_buffer
                0x10000348       0xc0 bin/main.o
 .bss.str       0x10000408       0x64 bin/main.o
 .bss.uart_tx_buffer
                0x1000046c        0x8 bin/main.o
 *(COMMON)
 COMMON         0x10000474        0x4 bin/board.o
                0x10000474                msTicks
                0x10000478                . = ALIGN (0x4)
                0x10000478                __bss_end__ = .

.heap           0x10000478     0x1000
                0x10000478                __end__ = .
                0x10000478                PROVIDE (end, .)
 *(.heap*)
 .heap          0x10000478     0x1000 bin/startup_LPC11xx.o
                0x10000478                __HeapBase
                0x10001478                __HeapLimit = .

.stack_dummy    0x10000478      0x200
 *(.stack*)
 .stack         0x10000478      0x200 bin/startup_LPC11xx.o
                0x10002000                __StackTop = (ORIGIN (RAM) + 0x1f00)
                0x10001e00                __StackLimit = (__StackTop - SIZEOF (.stack_dummy))
                0x10002000                PROVIDE (__stack, __StackTop)
                0x00000001                ASSERT ((__StackLimit >= __HeapLimit), region RAM overflowed with stack)
OUTPUT(bin/BCM.elf elf32-littlearm)

.ARM.attributes
                0x00000000       0x2d
 .ARM.attributes
                0x00000000       0x21 bin/startup_LPC11xx.o
 .ARM.attributes
                0x00000021       0x31 bin/chip_11xx.o
 .ARM.attributes
                0x00000052       0x31 bin/clock_11xx.o
 .ARM.attributes
                0x00000083       0x31 bin/gpio_11xx_2.o
 .ARM.attributes
                0x000000b4       0x31 bin/ring_buffer.o
 .ARM.attributes
                0x000000e5       0x31 bin/ssp_11xx.o
 .ARM.attributes
                0x00000116       0x31 bin/uart_11xx.o
 .ARM.attributes
                0x00000147       0x31 bin/util.o
 .ARM.attributes
                0x00000178       0x31 bin/board.o
 .ARM.attributes
                0x000001a9       0x31 bin/main.o
 .ARM.attributes
                0x000001da       0x31 bin/sysinit.o
 .ARM.attributes
                0x0000020b       0x1e /usr/bin/../lib/gcc/arm-none-eabi/4.9.3/armv6-m/libgcc.a(_thumb1_case_uqi.o)
 .ARM.attributes
                0x00000229       0x1e /usr/bin/../lib/gcc/arm-none-eabi/4.9.3/armv6-m/libgcc.a(_udivsi3.o)
 .ARM.attributes
                0x00000247       0x1e /usr/bin/../lib/gcc/arm-none-eabi/4.9.3/armv6-m/libgcc.a(_divsi3.o)
 .ARM.attributes
                0x00000265       0x1e /usr/bin/../lib/gcc/arm-none-eabi/4.9.3/armv6-m/libgcc.a(_dvmd_tls.o)
 .ARM.attributes
                0x00000283       0x2c /usr/bin/../lib/gcc/arm-none-eabi/4.9.3/../../../../arm-none-eabi/lib/armv6-m/libg.a(lib_a-memcpy.o)
 .ARM.attributes
                0x000002af       0x2c /usr/bin/../lib/gcc/arm-none-eabi/4.9.3/../../../../arm-none-eabi/lib/armv6-m/libg.a(lib_a-strlen.o)

.comment        0x00000000       0x70
 .comment       0x00000000       0x70 bin/chip_11xx.o
                                 0x71 (size before relaxing)
 .comment       0x00000000       0x71 bin/clock_11xx.o
 .comment       0x00000000       0x71 bin/gpio_11xx_2.o
 .comment       0x00000000       0x71 bin/ring_buffer.o
 .comment       0x00000000       0x71 bin/ssp_11xx.o
 .comment       0x00000000       0x71 bin/uart_11xx.o
 .comment       0x00000000       0x71 bin/util.o
 .comment       0x00000000       0x71 bin/board.o
 .comment       0x00000000       0x71 bin/main.o
 .comment       0x00000000       0x71 bin/sysinit.o

.debug_line     0x00000000     0x2a70
 .debug_line    0x00000000       0x8c bin/startup_LPC11xx.o
 .debug_line    0x0000008c      0x2eb bin/chip_11xx.o
 .debug_line    0x00000377      0x3e4 bin/clock_11xx.o
 .debug_line    0x0000075b      0x3e9 bin/gpio_11xx_2.o
 .debug_line    0x00000b44      0x334 bin/ring_buffer.o
 .debug_line    0x00000e78      0x7d0 bin/ssp_11xx.o
 .debug_line    0x00001648      0x569 bin/uart_11xx.o
 .debug_line    0x00001bb1      0x1ee bin/util.o
 .debug_line    0x00001d9f      0x559 bin/board.o
 .debug_line    0x000022f8      0x480 bin/main.o
 .debug_line    0x00002778      0x2f8 bin/sysinit.o

.debug_info     0x00000000     0x79a9
 .debug_info    0x00000000       0x93 bin/startup_LPC11xx.o
 .debug_info    0x00000093       0xe7 bin/chip_11xx.o
 .debug_info    0x0000017a      0x8fa bin/clock_11xx.o
 .debug_info    0x00000a74      0xc3d bin/gpio_11xx_2.o
 .debug_info    0x000016b1      0x4bc bin/ring_buffer.o
 .debug_info    0x00001b6d     0x1b23 bin/ssp_11xx.o
 .debug_info    0x00003690     0x125b bin/uart_11xx.o
 .debug_info    0x000048eb      0x1a3 bin/util.o
 .debug_info    0x00004a8e     0x1a06 bin/board.o
 .debug_info    0x00006494      0xfe3 bin/main.o
 .debug_info    0x00007477      0x532 bin/sysinit.o

.debug_abbrev   0x00000000     0x1752
 .debug_abbrev  0x00000000       0x12 bin/startup_LPC11xx.o
 .debug_abbrev  0x00000012       0x9b bin/chip_11xx.o
 .debug_abbrev  0x000000ad      0x23f bin/clock_11xx.o
 .debug_abbrev  0x000002ec      0x1fb bin/gpio_11xx_2.o
 .debug_abbrev  0x000004e7      0x182 bin/ring_buffer.o
 .debug_abbrev  0x00000669      0x3f0 bin/ssp_11xx.o
 .debug_abbrev  0x00000a59      0x31d bin/uart_11xx.o
 .debug_abbrev  0x00000d76       0xf4 bin/util.o
 .debug_abbrev  0x00000e6a      0x46f bin/board.o
 .debug_abbrev  0x000012d9      0x38b bin/main.o
 .debug_abbrev  0x00001664       0xee bin/sysinit.o

.debug_aranges  0x00000000      0x350
 .debug_aranges
                0x00000000       0x28 bin/startup_LPC11xx.o
 .debug_aranges
                0x00000028       0x20 bin/chip_11xx.o
 .debug_aranges
                0x00000048       0x68 bin/clock_11xx.o
 .debug_aranges
                0x000000b0       0x50 bin/gpio_11xx_2.o
 .debug_aranges
                0x00000100       0x40 bin/ring_buffer.o
 .debug_aranges
                0x00000140       0x80 bin/ssp_11xx.o
 .debug_aranges
                0x000001c0       0x80 bin/uart_11xx.o
 .debug_aranges
                0x00000240       0x28 bin/util.o
 .debug_aranges
                0x00000268       0x88 bin/board.o
 .debug_aranges
                0x000002f0       0x40 bin/main.o
 .debug_aranges
                0x00000330       0x20 bin/sysinit.o

.debug_ranges   0x00000000      0x778
 .debug_ranges  0x00000000       0x20 bin/startup_LPC11xx.o
 .debug_ranges  0x00000020       0x10 bin/chip_11xx.o
 .debug_ranges  0x00000030       0x58 bin/clock_11xx.o
 .debug_ranges  0x00000088       0xb8 bin/gpio_11xx_2.o
 .debug_ranges  0x00000140       0xd0 bin/ring_buffer.o
 .debug_ranges  0x00000210      0x230 bin/ssp_11xx.o
 .debug_ranges  0x00000440      0x1a8 bin/uart_11xx.o
 .debug_ranges  0x000005e8       0x18 bin/util.o
 .debug_ranges  0x00000600       0xf0 bin/board.o
 .debug_ranges  0x000006f0       0x78 bin/main.o
 .debug_ranges  0x00000768       0x10 bin/sysinit.o

.debug_macro    0x00000000     0x17ed
 .debug_macro   0x00000000      0x160 bin/chip_11xx.o
 .debug_macro   0x00000160      0x160 bin/clock_11xx.o
 .debug_macro   0x000002c0      0x160 bin/gpio_11xx_2.o
 .debug_macro   0x00000420      0x129 bin/ring_buffer.o
 .debug_macro   0x00000549       0x58 bin/ring_buffer.o
 .debug_macro   0x000005a1       0x35 bin/ring_buffer.o
 .debug_macro   0x000005d6       0x9c bin/ring_buffer.o
 .debug_macro   0x00000672      0x166 bin/ring_buffer.o
 .debug_macro   0x000007d8       0x4a bin/ring_buffer.o
 .debug_macro   0x00000822       0x52 bin/ring_buffer.o
 .debug_macro   0x00000874       0x16 bin/ring_buffer.o
 .debug_macro   0x0000088a       0x43 bin/ring_buffer.o
 .debug_macro   0x000008cd      0x180 bin/ring_buffer.o
 .debug_macro   0x00000a4d      0x29d bin/ring_buffer.o
 .debug_macro   0x00000cea       0x10 bin/ring_buffer.o
 .debug_macro   0x00000cfa       0x35 bin/ring_buffer.o
 .debug_macro   0x00000d2f       0x66 bin/ring_buffer.o
 .debug_macro   0x00000d95       0x10 bin/ring_buffer.o
 .debug_macro   0x00000da5      0x160 bin/ssp_11xx.o
 .debug_macro   0x00000f05      0x160 bin/uart_11xx.o
 .debug_macro   0x00001065       0x76 bin/util.o
 .debug_macro   0x000010db      0x225 bin/board.o
 .debug_macro   0x00001300       0xa0 bin/board.o
 .debug_macro   0x000013a0      0x237 bin/main.o
 .debug_macro   0x000015d7      0x216 bin/sysinit.o

.debug_str      0x00000000     0xbfa8
 .debug_str     0x00000000     0x7095 bin/chip_11xx.o
                               0x726b (size before relaxing)
 .debug_str     0x00007095      0x7e7 bin/clock_11xx.o
                               0x7a11 (size before relaxing)
 .debug_str     0x0000787c      0x45c bin/gpio_11xx_2.o
                               0x78f9 (size before relaxing)
 .debug_str     0x00007cd8     0x25b5 bin/ring_buffer.o
                               0x5863 (size before relaxing)
 .debug_str     0x0000a28d      0x827 bin/ssp_11xx.o
                               0x7eda (size before relaxing)
 .debug_str     0x0000aab4      0x310 bin/uart_11xx.o
                               0x7a35 (size before relaxing)
 .debug_str     0x0000adc4       0x7b bin/util.o
                               0x322c (size before relaxing)
 .debug_str     0x0000ae3f      0xd97 bin/board.o
                               0xaa84 (size before relaxing)
 .debug_str     0x0000bbd6       0xf7 bin/main.o
                               0xa193 (size before relaxing)
 .debug_str     0x0000bccd      0x2db bin/sysinit.o
                               0x7780 (size before relaxing)

.debug_frame    0x00000000      0x904
 .debug_frame   0x00000000       0x2c bin/chip_11xx.o
 .debug_frame   0x0000002c       0xe0 bin/clock_11xx.o
 .debug_frame   0x0000010c       0xc4 bin/gpio_11xx_2.o
 .debug_frame   0x000001d0       0xb0 bin/ring_buffer.o
 .debug_frame   0x00000280      0x198 bin/ssp_11xx.o
 .debug_frame   0x00000418      0x1d0 bin/uart_11xx.o
 .debug_frame   0x000005e8       0x48 bin/util.o
 .debug_frame   0x00000630      0x18c bin/board.o
 .debug_frame   0x000007bc       0x88 bin/main.o
 .debug_frame   0x00000844       0x2c bin/sysinit.o
 .debug_frame   0x00000870       0x20 /usr/bin/../lib/gcc/arm-none-eabi/4.9.3/armv6-m/libgcc.a(_udivsi3.o)
 .debug_frame   0x00000890       0x20 /usr/bin/../lib/gcc/arm-none-eabi/4.9.3/armv6-m/libgcc.a(_divsi3.o)
 .debug_frame   0x000008b0       0x2c /usr/bin/../lib/gcc/arm-none-eabi/4.9.3/../../../../arm-none-eabi/lib/armv6-m/libg.a(lib_a-memcpy.o)
 .debug_frame   0x000008dc       0x28 /usr/bin/../lib/gcc/arm-none-eabi/4.9.3/../../../../arm-none-eabi/lib/armv6-m/libg.a(lib_a-strlen.o)

.debug_loc      0x00000000     0x2b2a
 .debug_loc     0x00000000      0x16c bin/clock_11xx.o
 .debug_loc     0x0000016c      0x46f bin/gpio_11xx_2.o
 .debug_loc     0x000005db      0x61c bin/ring_buffer.o
 .debug_loc     0x00000bf7      0xea4 bin/ssp_11xx.o
 .debug_loc     0x00001a9b      0xab7 bin/uart_11xx.o
 .debug_loc     0x00002552      0x172 bin/util.o
 .debug_loc     0x000026c4      0x39f bin/board.o
 .debug_loc     0x00002a63       0x83 bin/main.o
 .debug_loc     0x00002ae6       0x44 bin/sysinit.o

Cross Reference Table

Symbol                                            File
ADC_IRQHandler                                    bin/startup_LPC11xx.o
BOD_IRQHandler                                    bin/startup_LPC11xx.o
Board_CAN_Init                                    bin/board.o
                                                  bin/main.o
Board_LEDs_Init                                   bin/board.o
                                                  bin/main.o
Board_SPI_Init                                    bin/board.o
                                                  bin/main.o
Board_SysTick_Init                                bin/board.o
                                                  bin/main.o
Board_UART_Init                                   bin/board.o
                                                  bin/main.o
Board_UART_Print                                  bin/board.o
                                                  bin/main.o
Board_UART_PrintNum                               bin/board.o
Board_UART_Println                                bin/board.o
                                                  bin/main.o
Board_UART_Read                                   bin/board.o
                                                  bin/main.o
Board_UART_SendBlocking                           bin/board.o
                                                  bin/main.o
Brusa_Decode                                      bin/brusa.o
Brusa_DecodeActI                                  bin/brusa.o
Brusa_DecodeActII                                 bin/brusa.o
Brusa_DecodeErr                                   bin/brusa.o
Brusa_DecodeStatus                                bin/brusa.o
Brusa_DecodeTemp                                  bin/brusa.o
Brusa_MakeCTL                                     bin/brusa.o
CAN_IRQHandler                                    bin/board.o
                                                  bin/startup_LPC11xx.o
CAN_baudrate_calculate                            bin/board.o
CAN_error                                         bin/main.o
CAN_rx                                            bin/main.o
CAN_tx                                            bin/main.o
Chip_ADC_DeInit                                   bin/adc_11xx.o
Chip_ADC_EnableChannel                            bin/adc_11xx.o
Chip_ADC_Init                                     bin/adc_11xx.o
Chip_ADC_Int_SetChannelCmd                        bin/adc_11xx.o
Chip_ADC_ReadByte                                 bin/adc_11xx.o
Chip_ADC_ReadStatus                               bin/adc_11xx.o
Chip_ADC_ReadValue                                bin/adc_11xx.o
Chip_ADC_SetBurstCmd                              bin/adc_11xx.o
Chip_ADC_SetResolution                            bin/adc_11xx.o
Chip_ADC_SetSampleRate                            bin/adc_11xx.o
Chip_ADC_SetStartMode                             bin/adc_11xx.o
Chip_Clock_GetMainClockRate                       bin/clock_11xx.o
                                                  bin/board.o
                                                  bin/uart_11xx.o
                                                  bin/ssp_11xx.o
                                                  bin/i2c_11xx.o
Chip_Clock_GetSystemClockRate                     bin/clock_11xx.o
                                                  bin/chip_11xx.o
                                                  bin/adc_11xx.o
Chip_Clock_GetSystemPLLInClockRate                bin/clock_11xx.o
Chip_Clock_GetSystemPLLOutClockRate               bin/clock_11xx.o
Chip_Clock_GetWDTOSCRate                          bin/clock_11xx.o
Chip_Clock_SetCLKOUTSource                        bin/clock_11xx.o
Chip_Clock_SetMainClockSource                     bin/clock_11xx.o
                                                  bin/sysinit_11xx.o
Chip_Clock_SetPLLBypass                           bin/clock_11xx.o
Chip_Clock_SetSystemPLLSource                     bin/clock_11xx.o
                                                  bin/sysinit_11xx.o
Chip_Clock_SetWDTClockSource                      bin/clock_11xx.o
Chip_GPIO_DeInit                                  bin/gpio_11xx_2.o
Chip_GPIO_Init                                    bin/gpio_11xx_2.o
                                                  bin/board.o
Chip_GPIO_SetDir                                  bin/gpio_11xx_2.o
Chip_GPIO_SetPinDIR                               bin/gpio_11xx_2.o
Chip_GPIO_SetPortDIR                              bin/gpio_11xx_2.o
Chip_GPIO_SetupPinInt                             bin/gpio_11xx_2.o
Chip_GPIO_WriteDirBit                             bin/gpio_11xx_2.o
                                                  bin/board.o
                                                  bin/mcp2515.o
Chip_I2C_DeInit                                   bin/i2c_11xx.o
Chip_I2C_Disable                                  bin/i2c_11xx.o
Chip_I2C_EventHandler                             bin/i2c_11xx.o
Chip_I2C_EventHandlerPolling                      bin/i2c_11xx.o
Chip_I2C_GetClockRate                             bin/i2c_11xx.o
Chip_I2C_GetMasterEventHandler                    bin/i2c_11xx.o
Chip_I2C_Init                                     bin/i2c_11xx.o
Chip_I2C_IsMasterActive                           bin/i2c_11xx.o
Chip_I2C_IsStateChanged                           bin/i2c_11xx.o
Chip_I2C_MasterCmdRead                            bin/i2c_11xx.o
Chip_I2C_MasterRead                               bin/i2c_11xx.o
Chip_I2C_MasterSend                               bin/i2c_11xx.o
Chip_I2C_MasterStateHandler                       bin/i2c_11xx.o
Chip_I2C_MasterTransfer                           bin/i2c_11xx.o
Chip_I2C_SetClockRate                             bin/i2c_11xx.o
Chip_I2C_SetMasterEventHandler                    bin/i2c_11xx.o
Chip_I2C_SlaveSetup                               bin/i2c_11xx.o
Chip_I2C_SlaveStateHandler                        bin/i2c_11xx.o
Chip_PMU_DeepPowerDownState                       bin/pmu_11xx.o
Chip_PMU_Sleep                                    bin/pmu_11xx.o
Chip_PMU_SleepState                               bin/pmu_11xx.o
Chip_SSP_DeInit                                   bin/ssp_11xx.o
Chip_SSP_Init                                     bin/ssp_11xx.o
                                                  bin/main.o
Chip_SSP_Int_FlushData                            bin/ssp_11xx.o
Chip_SSP_Int_RWFrames16Bits                       bin/ssp_11xx.o
Chip_SSP_Int_RWFrames8Bits                        bin/ssp_11xx.o
Chip_SSP_RWFrames_Blocking                        bin/ssp_11xx.o
                                                  bin/mcp2515.o
Chip_SSP_ReadFrames_Blocking                      bin/ssp_11xx.o
Chip_SSP_SetBitRate                               bin/ssp_11xx.o
                                                  bin/main.o
Chip_SSP_SetClockRate                             bin/ssp_11xx.o
Chip_SSP_SetMaster                                bin/ssp_11xx.o
                                                  bin/main.o
Chip_SSP_WriteFrames_Blocking                     bin/ssp_11xx.o
                                                  bin/mcp2515.o
Chip_SYSCTL_PowerDown                             bin/sysctl_11xx.o
                                                  bin/sysinit_11xx.o
                                                  bin/adc_11xx.o
Chip_SYSCTL_PowerUp                               bin/sysctl_11xx.o
                                                  bin/sysinit_11xx.o
                                                  bin/adc_11xx.o
Chip_SYSCTL_SetDeepSleepPD                        bin/sysctl_11xx.o
Chip_SYSCTL_SetWakeup                             bin/sysctl_11xx.o
Chip_SystemInit                                   bin/sysinit_11xx.o
Chip_TIMER_DeInit                                 bin/timer_11xx.o
Chip_TIMER_ExtMatchControlSet                     bin/timer_11xx.o
Chip_TIMER_Init                                   bin/timer_11xx.o
Chip_TIMER_Reset                                  bin/timer_11xx.o
Chip_UART_DeInit                                  bin/uart_11xx.o
Chip_UART_IRQRBHandler                            bin/uart_11xx.o
Chip_UART_Init                                    bin/uart_11xx.o
                                                  bin/board.o
Chip_UART_RXIntHandlerRB                          bin/uart_11xx.o
Chip_UART_Read                                    bin/uart_11xx.o
                                                  bin/board.o
Chip_UART_ReadBlocking                            bin/uart_11xx.o
Chip_UART_ReadRB                                  bin/uart_11xx.o
Chip_UART_Send                                    bin/uart_11xx.o
Chip_UART_SendBlocking                            bin/uart_11xx.o
                                                  bin/board.o
Chip_UART_SendRB                                  bin/uart_11xx.o
Chip_UART_SetBaud                                 bin/uart_11xx.o
                                                  bin/board.o
Chip_UART_SetBaudFDR                              bin/uart_11xx.o
Chip_UART_TXIntHandlerRB                          bin/uart_11xx.o
Chip_WWDT_ClearStatusFlag                         bin/wwdt_11xx.o
Chip_WWDT_DeInit                                  bin/wwdt_11xx.o
Chip_WWDT_Init                                    bin/wwdt_11xx.o
Default_Handler                                   bin/startup_LPC11xx.o
HardFault_Handler                                 bin/startup_LPC11xx.o
I2C_IRQHandler                                    bin/startup_LPC11xx.o
MBB_DecodeExt                                     bin/a123mbb.o
MBB_DecodeStd                                     bin/a123mbb.o
MBB_MakeCMD                                       bin/a123mbb.o
MCP2515_BitModify                                 bin/mcp2515.o
MCP2515_GetEmptyTransmitBuffer                    bin/mcp2515.o
MCP2515_GetFullReceiveBuffer                      bin/mcp2515.o
MCP2515_Init                                      bin/mcp2515.o
MCP2515_LoadBuffer                                bin/mcp2515.o
MCP2515_LoadBufferData                            bin/mcp2515.o
MCP2515_Mode                                      bin/mcp2515.o
MCP2515_Read                                      bin/mcp2515.o
MCP2515_ReadBuffer                                bin/mcp2515.o
MCP2515_Reset                                     bin/mcp2515.o
MCP2515_SendBuffer                                bin/mcp2515.o
MCP2515_SetBitRate                                bin/mcp2515.o
MCP2515_Write                                     bin/mcp2515.o
NMI_Handler                                       bin/startup_LPC11xx.o
OscRateIn                                         bin/board.o
                                                  bin/clock_11xx.o
PIOINT0_IRQHandler                                bin/startup_LPC11xx.o
PIOINT1_IRQHandler                                bin/startup_LPC11xx.o
PIOINT2_IRQHandler                                bin/startup_LPC11xx.o
PIOINT3_IRQHandler                                bin/startup_LPC11xx.o
PendSV_Handler                                    bin/startup_LPC11xx.o
Reset_Handler                                     bin/startup_LPC11xx.o
RingBuffer_Init                                   bin/ring_buffer.o
                                                  bin/main.o
RingBuffer_Insert                                 bin/ring_buffer.o
                                                  bin/main.o
                                                  bin/uart_11xx.o
RingBuffer_InsertMult                             bin/ring_buffer.o
                                                  bin/uart_11xx.o
RingBuffer_Pop                                    bin/ring_buffer.o
                                                  bin/main.o
                                                  bin/uart_11xx.o
RingBuffer_PopMult                                bin/ring_buffer.o
                                                  bin/uart_11xx.o
SSP0_IRQHandler                                   bin/startup_LPC11xx.o
SSP1_IRQHandler                                   bin/startup_LPC11xx.o
SSP_Buffer_Init                                   bin/board.o
                                                  bin/main.o
SVC_Handler                                       bin/startup_LPC11xx.o
SysTick_Handler                                   bin/board.o
                                                  bin/startup_LPC11xx.o
SystemCoreClock                                   bin/sysinit.o
                                                  bin/chip_11xx.o
                                                  bin/board.o
SystemCoreClockUpdate                             bin/chip_11xx.o
                                                  bin/board.o
SystemInit                                        bin/sysinit.o
                                                  bin/startup_LPC11xx.o
TIMER16_0_IRQHandler                              bin/startup_LPC11xx.o
TIMER16_1_IRQHandler                              bin/startup_LPC11xx.o
TIMER32_0_IRQHandler                              bin/startup_LPC11xx.o
TIMER32_1_IRQHandler                              bin/startup_LPC11xx.o
UART_IRQHandler                                   bin/startup_LPC11xx.o
WAKEUP_IRQHandler                                 bin/startup_LPC11xx.o
WDT_IRQHandler                                    bin/startup_LPC11xx.o
__HeapBase                                        bin/startup_LPC11xx.o
__HeapLimit                                       bin/startup_LPC11xx.o
__StackLimit                                      bin/startup_LPC11xx.o
__StackTop                                        bin/startup_LPC11xx.o
__aeabi_cdcmpeq                                   /usr/bin/../lib/gcc/arm-none-eabi/4.9.3/armv6-m/libgcc.a(_arm_cmpdf2.o)
__aeabi_cdcmple                                   /usr/bin/../lib/gcc/arm-none-eabi/4.9.3/armv6-m/libgcc.a(_arm_cmpdf2.o)
__aeabi_cdrcmple                                  /usr/bin/../lib/gcc/arm-none-eabi/4.9.3/armv6-m/libgcc.a(_arm_cmpdf2.o)
__aeabi_d2iz                                      /usr/bin/../lib/gcc/arm-none-eabi/4.9.3/armv6-m/libgcc.a(fixdfsi.o)
                                                  /usr/bin/../lib/gcc/arm-none-eabi/4.9.3/armv6-m/libgcc.a(_fixunsdfsi.o)
__aeabi_d2uiz                                     /usr/bin/../lib/gcc/arm-none-eabi/4.9.3/armv6-m/libgcc.a(_fixunsdfsi.o)
                                                  bin/mcp2515.o
__aeabi_dcmpeq                                    /usr/bin/../lib/gcc/arm-none-eabi/4.9.3/armv6-m/libgcc.a(_arm_cmpdf2.o)
__aeabi_dcmpge                                    /usr/bin/../lib/gcc/arm-none-eabi/4.9.3/armv6-m/libgcc.a(_arm_cmpdf2.o)
                                                  /usr/bin/../lib/gcc/arm-none-eabi/4.9.3/armv6-m/libgcc.a(_fixunsdfsi.o)
__aeabi_dcmpgt                                    /usr/bin/../lib/gcc/arm-none-eabi/4.9.3/armv6-m/libgcc.a(_arm_cmpdf2.o)
__aeabi_dcmple                                    /usr/bin/../lib/gcc/arm-none-eabi/4.9.3/armv6-m/libgcc.a(_arm_cmpdf2.o)
__aeabi_dcmplt                                    /usr/bin/../lib/gcc/arm-none-eabi/4.9.3/armv6-m/libgcc.a(_arm_cmpdf2.o)
__aeabi_dmul                                      /usr/bin/../lib/gcc/arm-none-eabi/4.9.3/armv6-m/libgcc.a(muldf3.o)
                                                  bin/mcp2515.o
__aeabi_dsub                                      /usr/bin/../lib/gcc/arm-none-eabi/4.9.3/armv6-m/libgcc.a(subdf3.o)
                                                  /usr/bin/../lib/gcc/arm-none-eabi/4.9.3/armv6-m/libgcc.a(_fixunsdfsi.o)
__aeabi_i2d                                       /usr/bin/../lib/gcc/arm-none-eabi/4.9.3/armv6-m/libgcc.a(floatsidf.o)
                                                  bin/mcp2515.o
__aeabi_idiv                                      /usr/bin/../lib/gcc/arm-none-eabi/4.9.3/armv6-m/libgcc.a(_divsi3.o)
                                                  bin/util.o
__aeabi_idiv0                                     /usr/bin/../lib/gcc/arm-none-eabi/4.9.3/armv6-m/libgcc.a(_dvmd_tls.o)
                                                  /usr/bin/../lib/gcc/arm-none-eabi/4.9.3/armv6-m/libgcc.a(_divsi3.o)
                                                  /usr/bin/../lib/gcc/arm-none-eabi/4.9.3/armv6-m/libgcc.a(_udivsi3.o)
__aeabi_idivmod                                   /usr/bin/../lib/gcc/arm-none-eabi/4.9.3/armv6-m/libgcc.a(_divsi3.o)
                                                  bin/util.o
__aeabi_ldiv0                                     /usr/bin/../lib/gcc/arm-none-eabi/4.9.3/armv6-m/libgcc.a(_dvmd_tls.o)
                                                  /usr/bin/../lib/gcc/arm-none-eabi/4.9.3/armv6-m/libgcc.a(_aeabi_uldivmod.o)
__aeabi_lmul                                      /usr/bin/../lib/gcc/arm-none-eabi/4.9.3/armv6-m/libgcc.a(_muldi3.o)
                                                  /usr/bin/../lib/gcc/arm-none-eabi/4.9.3/armv6-m/libgcc.a(bpabi.o)
__aeabi_uidiv                                     /usr/bin/../lib/gcc/arm-none-eabi/4.9.3/armv6-m/libgcc.a(_udivsi3.o)
                                                  bin/board.o
                                                  bin/mcp2515.o
                                                  bin/brusa.o
                                                  bin/uart_11xx.o
                                                  bin/ssp_11xx.o
                                                  bin/i2c_11xx.o
                                                  bin/clock_11xx.o
                                                  bin/adc_11xx.o
__aeabi_uidivmod                                  /usr/bin/../lib/gcc/arm-none-eabi/4.9.3/armv6-m/libgcc.a(_udivsi3.o)
                                                  bin/uart_11xx.o
__aeabi_uldivmod                                  /usr/bin/../lib/gcc/arm-none-eabi/4.9.3/armv6-m/libgcc.a(_aeabi_uldivmod.o)
                                                  bin/mcp2515.o
__clzdi2                                          /usr/bin/../lib/gcc/arm-none-eabi/4.9.3/armv6-m/libgcc.a(_clzdi2.o)
                                                  /usr/bin/../lib/gcc/arm-none-eabi/4.9.3/armv6-m/libgcc.a(_udivdi3.o)
                                                  /usr/bin/../lib/gcc/arm-none-eabi/4.9.3/armv6-m/libgcc.a(_divdi3.o)
__clzsi2                                          /usr/bin/../lib/gcc/arm-none-eabi/4.9.3/armv6-m/libgcc.a(_clzsi2.o)
                                                  /usr/bin/../lib/gcc/arm-none-eabi/4.9.3/armv6-m/libgcc.a(_clzdi2.o)
                                                  /usr/bin/../lib/gcc/arm-none-eabi/4.9.3/armv6-m/libgcc.a(floatsidf.o)
                                                  /usr/bin/../lib/gcc/arm-none-eabi/4.9.3/armv6-m/libgcc.a(subdf3.o)
                                                  /usr/bin/../lib/gcc/arm-none-eabi/4.9.3/armv6-m/libgcc.a(muldf3.o)
__divdi3                                          /usr/bin/../lib/gcc/arm-none-eabi/4.9.3/armv6-m/libgcc.a(_divdi3.o)
                                                  /usr/bin/../lib/gcc/arm-none-eabi/4.9.3/armv6-m/libgcc.a(bpabi.o)
__divsi3                                          /usr/bin/../lib/gcc/arm-none-eabi/4.9.3/armv6-m/libgcc.a(_divsi3.o)
__eqdf2                                           /usr/bin/../lib/gcc/arm-none-eabi/4.9.3/armv6-m/libgcc.a(eqdf2.o)
                                                  /usr/bin/../lib/gcc/arm-none-eabi/4.9.3/armv6-m/libgcc.a(_arm_cmpdf2.o)
__fixunsdfsi                                      /usr/bin/../lib/gcc/arm-none-eabi/4.9.3/armv6-m/libgcc.a(_fixunsdfsi.o)
__gedf2                                           /usr/bin/../lib/gcc/arm-none-eabi/4.9.3/armv6-m/libgcc.a(gedf2.o)
                                                  /usr/bin/../lib/gcc/arm-none-eabi/4.9.3/armv6-m/libgcc.a(_arm_cmpdf2.o)
__gnu_ldivmod_helper                              /usr/bin/../lib/gcc/arm-none-eabi/4.9.3/armv6-m/libgcc.a(bpabi.o)
__gnu_thumb1_case_uqi                             /usr/bin/../lib/gcc/arm-none-eabi/4.9.3/armv6-m/libgcc.a(_thumb1_case_uqi.o)
                                                  bin/main.o
__gnu_uldivmod_helper                             /usr/bin/../lib/gcc/arm-none-eabi/4.9.3/armv6-m/libgcc.a(bpabi.o)
                                                  /usr/bin/../lib/gcc/arm-none-eabi/4.9.3/armv6-m/libgcc.a(_aeabi_uldivmod.o)
__gtdf2                                           /usr/bin/../lib/gcc/arm-none-eabi/4.9.3/armv6-m/libgcc.a(gedf2.o)
__isr_vector                                      bin/startup_LPC11xx.o
__ledf2                                           /usr/bin/../lib/gcc/arm-none-eabi/4.9.3/armv6-m/libgcc.a(ledf2.o)
                                                  /usr/bin/../lib/gcc/arm-none-eabi/4.9.3/armv6-m/libgcc.a(_arm_cmpdf2.o)
__ltdf2                                           /usr/bin/../lib/gcc/arm-none-eabi/4.9.3/armv6-m/libgcc.a(ledf2.o)
__muldi3                                          /usr/bin/../lib/gcc/arm-none-eabi/4.9.3/armv6-m/libgcc.a(_muldi3.o)
__nedf2                                           /usr/bin/../lib/gcc/arm-none-eabi/4.9.3/armv6-m/libgcc.a(eqdf2.o)
__reverse                                         bin/util.o
__udivdi3                                         /usr/bin/../lib/gcc/arm-none-eabi/4.9.3/armv6-m/libgcc.a(_udivdi3.o)
                                                  /usr/bin/../lib/gcc/arm-none-eabi/4.9.3/armv6-m/libgcc.a(bpabi.o)
__udivsi3                                         /usr/bin/../lib/gcc/arm-none-eabi/4.9.3/armv6-m/libgcc.a(_udivsi3.o)
_cs_gpio                                          bin/mcp2515.o
_cs_pin                                           bin/mcp2515.o
_delay                                            bin/main.o
_int_gpio                                         bin/mcp2515.o
_int_pin                                          bin/mcp2515.o
getIDFromBytes                                    bin/mcp2515.o
getSlaveIndex                                     bin/i2c_11xx.o
handleMasterXferState                             bin/i2c_11xx.o
handleSlaveXferState                              bin/i2c_11xx.o
itoa                                              bin/util.o
                                                  bin/main.o
                                                  bin/board.o
main                                              bin/main.o
                                                  bin/startup_LPC11xx.o
memcpy                                            /usr/bin/../lib/gcc/arm-none-eabi/4.9.3/../../../../arm-none-eabi/lib/armv6-m/libg.a(lib_a-memcpy.o)
                                                  bin/ring_buffer.o
msTicks                                           bin/main.o
                                                  bin/board.o
readAdcVal                                        bin/adc_11xx.o
setStartMode                                      bin/adc_11xx.o
strlen                                            /usr/bin/../lib/gcc/arm-none-eabi/4.9.3/../../../../arm-none-eabi/lib/armv6-m/libg.a(lib_a-strlen.o)
                                                  bin/board.o
