board.c:10:6:SysTick_Handler	0	static
board.c:17:6:CAN_IRQHandler	8	static
board.c:26:8:Board_SysTick_Init	8	static
board.c:36:6:Board_LEDs_Init	8	static
board.c:41:6:Board_SPI_Init	0	static
board.c:50:6:SSP_Buffer_Init	0	static
board.c:60:6:Board_UART_Init	16	static
board.c:71:6:Board_UART_Print	8	static
board.c:75:6:Board_UART_Println	8	static
board.c:80:6:Board_UART_PrintNum	16	static
board.c:87:6:Board_UART_SendBlocking	8	static
board.c:91:8:Board_UART_Read	8	static
board.c:95:6:CAN_baudrate_calculate	32	static
board.c:121:6:Board_CAN_Init	48	static
