i2c_11xx.c:328:6:Chip_I2C_EventHandler	0	static
i2c_11xx.c:176:5:handleMasterXferState	8	static
i2c_11xx.c:245:14:getSlaveIndex	12	static
i2c_11xx.c:262:5:handleSlaveXferState	0	static
i2c_11xx.c:365:6:Chip_I2C_Init	0	static
i2c_11xx.c:384:6:Chip_I2C_DeInit	0	static
i2c_11xx.c:393:6:Chip_I2C_SetClockRate	8	static
i2c_11xx.c:403:10:Chip_I2C_GetClockRate	8	static
i2c_11xx.c:409:5:Chip_I2C_SetMasterEventHandler	0	static
i2c_11xx.c:419:20:Chip_I2C_GetMasterEventHandler	0	static
i2c_11xx.c:425:5:Chip_I2C_MasterTransfer	16	static
i2c_11xx.c:452:5:Chip_I2C_MasterSend	40	static
i2c_11xx.c:466:5:Chip_I2C_MasterCmdRead	48	static
i2c_11xx.c:479:5:Chip_I2C_MasterRead	40	static
i2c_11xx.c:491:5:Chip_I2C_IsMasterActive	0	static
i2c_11xx.c:497:6:Chip_I2C_MasterStateHandler	16	static
i2c_11xx.c:505:6:Chip_I2C_SlaveSetup	16	static
i2c_11xx.c:528:6:Chip_I2C_SlaveStateHandler	16	static
i2c_11xx.c:554:6:Chip_I2C_Disable	0	static
i2c_11xx.c:560:5:Chip_I2C_IsStateChanged	0	static
i2c_11xx.c:345:6:Chip_I2C_EventHandlerPolling	16	static
