Archive member included because of file (symbol)

/usr/bin/../lib/gcc/arm-none-eabi/4.9.3/armv6-m/libgcc.a(_udivsi3.o)
                              bin/adc_11xx.o (__aeabi_uidiv)
/usr/bin/../lib/gcc/arm-none-eabi/4.9.3/armv6-m/libgcc.a(_dvmd_tls.o)
                              /usr/bin/../lib/gcc/arm-none-eabi/4.9.3/armv6-m/libgcc.a(_udivsi3.o) (__aeabi_idiv0)
/usr/bin/../lib/gcc/arm-none-eabi/4.9.3/armv6-m/libgcc.a(_aeabi_uldivmod.o)
                              bin/mcp2515.o (__aeabi_uldivmod)
/usr/bin/../lib/gcc/arm-none-eabi/4.9.3/armv6-m/libgcc.a(_fixunsdfsi.o)
                              bin/mcp2515.o (__aeabi_d2uiz)
/usr/bin/../lib/gcc/arm-none-eabi/4.9.3/armv6-m/libgcc.a(bpabi.o)
                              /usr/bin/../lib/gcc/arm-none-eabi/4.9.3/armv6-m/libgcc.a(_aeabi_uldivmod.o) (__gnu_uldivmod_helper)
/usr/bin/../lib/gcc/arm-none-eabi/4.9.3/armv6-m/libgcc.a(muldf3.o)
                              bin/mcp2515.o (__aeabi_dmul)
/usr/bin/../lib/gcc/arm-none-eabi/4.9.3/armv6-m/libgcc.a(subdf3.o)
                              /usr/bin/../lib/gcc/arm-none-eabi/4.9.3/armv6-m/libgcc.a(_fixunsdfsi.o) (__aeabi_dsub)
/usr/bin/../lib/gcc/arm-none-eabi/4.9.3/armv6-m/libgcc.a(fixdfsi.o)
                              /usr/bin/../lib/gcc/arm-none-eabi/4.9.3/armv6-m/libgcc.a(_fixunsdfsi.o) (__aeabi_d2iz)
/usr/bin/../lib/gcc/arm-none-eabi/4.9.3/armv6-m/libgcc.a(floatsidf.o)
                              bin/mcp2515.o (__aeabi_i2d)
/usr/bin/../lib/gcc/arm-none-eabi/4.9.3/armv6-m/libgcc.a(_arm_cmpdf2.o)
                              /usr/bin/../lib/gcc/arm-none-eabi/4.9.3/armv6-m/libgcc.a(_fixunsdfsi.o) (__aeabi_dcmpge)
/usr/bin/../lib/gcc/arm-none-eabi/4.9.3/armv6-m/libgcc.a(_clzsi2.o)
                              /usr/bin/../lib/gcc/arm-none-eabi/4.9.3/armv6-m/libgcc.a(muldf3.o) (__clzsi2)
/usr/bin/../lib/gcc/arm-none-eabi/4.9.3/armv6-m/libgcc.a(_muldi3.o)
                              /usr/bin/../lib/gcc/arm-none-eabi/4.9.3/armv6-m/libgcc.a(bpabi.o) (__aeabi_lmul)
/usr/bin/../lib/gcc/arm-none-eabi/4.9.3/armv6-m/libgcc.a(_divdi3.o)
                              /usr/bin/../lib/gcc/arm-none-eabi/4.9.3/armv6-m/libgcc.a(bpabi.o) (__divdi3)
/usr/bin/../lib/gcc/arm-none-eabi/4.9.3/armv6-m/libgcc.a(_udivdi3.o)
                              /usr/bin/../lib/gcc/arm-none-eabi/4.9.3/armv6-m/libgcc.a(bpabi.o) (__udivdi3)
/usr/bin/../lib/gcc/arm-none-eabi/4.9.3/armv6-m/libgcc.a(eqdf2.o)
                              /usr/bin/../lib/gcc/arm-none-eabi/4.9.3/armv6-m/libgcc.a(_arm_cmpdf2.o) (__eqdf2)
/usr/bin/../lib/gcc/arm-none-eabi/4.9.3/armv6-m/libgcc.a(gedf2.o)
                              /usr/bin/../lib/gcc/arm-none-eabi/4.9.3/armv6-m/libgcc.a(_arm_cmpdf2.o) (__gedf2)
/usr/bin/../lib/gcc/arm-none-eabi/4.9.3/armv6-m/libgcc.a(ledf2.o)
                              /usr/bin/../lib/gcc/arm-none-eabi/4.9.3/armv6-m/libgcc.a(_arm_cmpdf2.o) (__ledf2)
/usr/bin/../lib/gcc/arm-none-eabi/4.9.3/armv6-m/libgcc.a(_clzdi2.o)
                              /usr/bin/../lib/gcc/arm-none-eabi/4.9.3/armv6-m/libgcc.a(_divdi3.o) (__clzdi2)
/usr/bin/../lib/gcc/arm-none-eabi/4.9.3/../../../../arm-none-eabi/lib/armv6-m/libg.a(lib_a-itoa.o)
                              bin/board.o (itoa)
/usr/bin/../lib/gcc/arm-none-eabi/4.9.3/../../../../arm-none-eabi/lib/armv6-m/libg.a(lib_a-memcpy.o)
                              bin/ring_buffer.o (memcpy)
/usr/bin/../lib/gcc/arm-none-eabi/4.9.3/../../../../arm-none-eabi/lib/armv6-m/libg.a(lib_a-memset.o)
                              bin/ltc6804.o (memset)
/usr/bin/../lib/gcc/arm-none-eabi/4.9.3/../../../../arm-none-eabi/lib/armv6-m/libg.a(lib_a-strlen.o)
                              bin/board.o (strlen)
/usr/bin/../lib/gcc/arm-none-eabi/4.9.3/../../../../arm-none-eabi/lib/armv6-m/libg.a(lib_a-utoa.o)
                              /usr/bin/../lib/gcc/arm-none-eabi/4.9.3/../../../../arm-none-eabi/lib/armv6-m/libg.a(lib_a-itoa.o) (__utoa)

Allocating common symbols
Common symbol       size              file

SystemCoreClock     0x4               bin/chip_11xx.o
tmp_msg_obj         0x18              bin/can.o
_int_pin            0x1               bin/mcp2515.o
_tx_buffer          0xc0              bin/can.o
rx_msg              0x18              bin/main.o
_rx_buffer          0xc0              bin/can.o
TicksPerMS          0x4               bin/sysinit.o
_cs_pin             0x1               bin/mcp2515.o
msTicks             0x4               bin/board.o
_int_gpio           0x1               bin/mcp2515.o
_cs_gpio            0x1               bin/mcp2515.o
msg_obj             0x18              bin/can.o

Discarded input sections

 .data          0x00000000        0x0 bin/startup_LPC11xx.o
 .bss           0x00000000        0x0 bin/startup_LPC11xx.o
 .ARM.extab.isr_vector
                0x00000000        0x0 bin/startup_LPC11xx.o
 .group         0x00000000        0x8 bin/adc_1125.o
 .group         0x00000000        0x8 bin/adc_1125.o
 .group         0x00000000        0x8 bin/adc_1125.o
[...]
Memory Configuration

Name             Origin             Length             Attributes
FLASH            0x00000000         0x00008000         xr
RAM              0x10000100         0x00001f00         xrw
*default*        0x00000000         0xffffffff

Linker script and memory map

LOAD bin/startup_LPC11xx.o
LOAD bin/adc_1125.o
LOAD bin/adc_11xx.o
LOAD bin/chip_11xx.o
LOAD bin/clock_11xx.o
LOAD bin/gpio_11xx_1.o
LOAD bin/gpio_11xx_2.o
LOAD bin/gpiogroup_11xx.o
LOAD bin/i2c_11xx.o
LOAD bin/iocon_11xx.o
LOAD bin/pinint_11xx.o
LOAD bin/pmu_11xx.o
LOAD bin/ring_buffer.o
LOAD bin/ssp_11xx.o
LOAD bin/sysctl_11xx.o
LOAD bin/sysinit_11xx.o
LOAD bin/timer_11xx.o
LOAD bin/uart_11xx.o
LOAD bin/wwdt_11xx.o
LOAD bin/a123mbb.o
LOAD bin/brusa.o
LOAD bin/can.o
LOAD bin/lc1024.o
LOAD bin/ltc6804.o
LOAD bin/mcp2515.o
LOAD bin/util.o
LOAD bin/board.o
LOAD bin/main.o
LOAD bin/sysinit.o
START GROUP
LOAD /usr/bin/../lib/gcc/arm-none-eabi/4.9.3/armv6-m/libgcc.a
LOAD /usr/bin/../lib/gcc/arm-none-eabi/4.9.3/../../../../arm-none-eabi/lib/armv6-m/libg.a
LOAD /usr/bin/../lib/gcc/arm-none-eabi/4.9.3/../../../../arm-none-eabi/lib/armv6-m/libc.a
END GROUP

.text           0x00000000      0xda4
 *(.isr_vector)
 .isr_vector    0x00000000       0xe0 bin/startup_LPC11xx.o
                0x00000000                __isr_vector
                0x000000c0                Reset_Handler
 *(.text*)
 .text          0x000000e0        0xc bin/startup_LPC11xx.o
                0x000000e0                NMI_Handler
                0x000000e2                HardFault_Handler
                0x000000e4                SVC_Handler
                0x000000e6                PendSV_Handler
                0x000000ea                TIMER16_0_IRQHandler
                0x000000ea                UART_IRQHandler
                0x000000ea                TIMER32_0_IRQHandler
                0x000000ea                TIMER32_1_IRQHandler
                0x000000ea                PIOINT1_IRQHandler
                0x000000ea                SSP0_IRQHandler
                0x000000ea                TIMER16_1_IRQHandler
                0x000000ea                Default_Handler
                0x000000ea                ADC_IRQHandler
                0x000000ea                SSP1_IRQHandler
                0x000000ea                PIOINT2_IRQHandler
                0x000000ea                BOD_IRQHandler
                0x000000ea                WAKEUP_IRQHandler
                0x000000ea                PIOINT0_IRQHandler
                0x000000ea                I2C_IRQHandler
                0x000000ea                WDT_IRQHandler
                0x000000ea                PIOINT3_IRQHandler
 .text.SystemCoreClockUpdate
                0x000000ec       0x10 bin/chip_11xx.o
                0x000000ec                SystemCoreClockUpdate
 .text.Chip_Clock_GetSystemPLLOutClockRate
                0x000000fc       0x40 bin/clock_11xx.o
                0x000000fc                Chip_Clock_GetSystemPLLOutClockRate
 .text.Chip_Clock_GetMainClockRate
                0x0000013c       0x5c bin/clock_11xx.o
                0x0000013c                Chip_Clock_GetMainClockRate
 .text.Chip_Clock_GetSystemClockRate
                0x00000198       0x14 bin/clock_11xx.o
                0x00000198                Chip_Clock_GetSystemClockRate
 .text.Chip_GPIO_Init
                0x000001ac       0x14 bin/gpio_11xx_2.o
                0x000001ac                Chip_GPIO_Init
 .text.Chip_GPIO_WriteDirBit
                0x000001c0       0x28 bin/gpio_11xx_2.o
                0x000001c0                Chip_GPIO_WriteDirBit
 .text.RingBuffer_Init
                0x000001e8       0x10 bin/ring_buffer.o
                0x000001e8                RingBuffer_Init
 .text.RingBuffer_Insert
                0x000001f8       0x48 bin/ring_buffer.o
                0x000001f8                RingBuffer_Insert
 .text.RingBuffer_Pop
                0x00000240       0x34 bin/ring_buffer.o
                0x00000240                RingBuffer_Pop
 .text.Chip_UART_Init
                0x00000274       0x28 bin/uart_11xx.o
                0x00000274                Chip_UART_Init
 .text.Chip_UART_SendBlocking
                0x0000029c       0x2c bin/uart_11xx.o
                0x0000029c                Chip_UART_SendBlocking
 .text.Chip_UART_Read
                0x000002c8       0x30 bin/uart_11xx.o
                0x000002c8                Chip_UART_Read
 .text.Chip_UART_SetBaud
                0x000002f8       0x38 bin/uart_11xx.o
                0x000002f8                Chip_UART_SetBaud
 .text.CAN_error
                0x00000330       0x14 bin/can.o
                0x00000330                CAN_error
 .text.CAN_rx   0x00000344       0x28 bin/can.o
                0x00000344                CAN_rx
 .text.CAN_tx   0x0000036c       0x30 bin/can.o
                0x0000036c                CAN_tx
 .text.Baudrate_Calculate
                0x0000039c       0x8c bin/can.o
                0x0000039c                Baudrate_Calculate
 .text.CAN_ResetPeripheral
                0x00000428       0x18 bin/can.o
                0x00000428                CAN_ResetPeripheral
 .text.CAN_IRQHandler
                0x00000440       0x14 bin/can.o
                0x00000440                CAN_IRQHandler
 .text.CAN_Init
                0x00000454       0xb4 bin/can.o
                0x00000454                CAN_Init
 .text.CAN_Receive
                0x00000508       0x3c bin/can.o
                0x00000508                CAN_Receive
 .text.CAN_Transmit
                0x00000544       0x94 bin/can.o
                0x00000544                CAN_Transmit
 .text.SysTick_Handler
                0x000005d8       0x10 bin/board.o
                0x000005d8                SysTick_Handler
 .text.Board_SysTick_Init
                0x000005e8       0x48 bin/board.o
                0x000005e8                Board_SysTick_Init
 .text.Board_LEDs_Init
                0x00000630       0x1c bin/board.o
                0x00000630                Board_LEDs_Init
 .text.Board_UART_Init
                0x0000064c       0x38 bin/board.o
                0x0000064c                Board_UART_Init
 .text.Board_UART_Print
                0x00000684       0x18 bin/board.o
                0x00000684                Board_UART_Print
 .text.Board_UART_Println
                0x0000069c       0x14 bin/board.o
                0x0000069c                Board_UART_Println
 .text.Board_UART_PrintNum
                0x000006b0       0x2c bin/board.o
                0x000006b0                Board_UART_PrintNum
 .text.startup.main
                0x000006dc      0x208 bin/main.o
                0x000006dc                main
 .text.SystemInit
                0x000008e4       0x7c bin/sysinit.o
                0x000008e4                SystemInit
 .text          0x00000960      0x120 /usr/bin/../lib/gcc/arm-none-eabi/4.9.3/armv6-m/libgcc.a(_udivsi3.o)
                0x00000960                __udivsi3
                0x00000960                __aeabi_uidiv
                0x00000a6c                __aeabi_uidivmod
 .text          0x00000a80        0x4 /usr/bin/../lib/gcc/arm-none-eabi/4.9.3/armv6-m/libgcc.a(_dvmd_tls.o)
                0x00000a80                __aeabi_ldiv0
                0x00000a80                __aeabi_idiv0
 .text.__itoa   0x00000a84       0x30 /usr/bin/../lib/gcc/arm-none-eabi/4.9.3/../../../../arm-none-eabi/lib/armv6-m/libg.a(lib_a-itoa.o)
                0x00000a84                __itoa
 .text.itoa     0x00000ab4        0x8 /usr/bin/../lib/gcc/arm-none-eabi/4.9.3/../../../../arm-none-eabi/lib/armv6-m/libg.a(lib_a-itoa.o)
                0x00000ab4                itoa
 .text.memcpy   0x00000abc       0x7c /usr/bin/../lib/gcc/arm-none-eabi/4.9.3/../../../../arm-none-eabi/lib/armv6-m/libg.a(lib_a-memcpy.o)
                0x00000abc                memcpy
 .text.strlen   0x00000b38       0x68 /usr/bin/../lib/gcc/arm-none-eabi/4.9.3/../../../../arm-none-eabi/lib/armv6-m/libg.a(lib_a-strlen.o)
                0x00000b38                strlen
 .text.__utoa   0x00000ba0       0x8c /usr/bin/../lib/gcc/arm-none-eabi/4.9.3/../../../../arm-none-eabi/lib/armv6-m/libg.a(lib_a-utoa.o)
                0x00000ba0                __utoa
 *(.init)
 *(.fini)
 *crtbegin.o(.ctors)
 *crtbegin?.o(.ctors)
 *(EXCLUDE_FILE(*crtend.o *crtend?.o) .ctors)
 *(SORT(.ctors.*))
 *(.ctors)
 *crtbegin.o(.dtors)
 *crtbegin?.o(.dtors)
 *(EXCLUDE_FILE(*crtend.o *crtend?.o) .dtors)
 *(SORT(.dtors.*))
 *(.dtors)
 *(.rodata*)
 .rodata.wdtOSCRate
                0x00000c2c       0x40 bin/clock_11xx.o
 .rodata        0x00000c6c       0x20 bin/can.o
 .rodata.OscRateIn
                0x00000c8c        0x4 bin/board.o
                0x00000c8c                OscRateIn
 .rodata.str1.4
                0x00000c90        0x3 bin/board.o
 *fill*         0x00000c93        0x1 
 .rodata.str1.4
                0x00000c94       0xe7 bin/main.o
 *fill*         0x00000d7b        0x1 
 .rodata.str1.4
                0x00000d7c       0x28 /usr/bin/../lib/gcc/arm-none-eabi/4.9.3/../../../../arm-none-eabi/lib/armv6-m/libg.a(lib_a-utoa.o)
                                 0x25 (size before relaxing)
 *(.eh_frame*)

.glue_7         0x00000da4        0x0
 .glue_7        0x00000000        0x0 linker stubs

.glue_7t        0x00000da4        0x0
 .glue_7t       0x00000000        0x0 linker stubs

.vfp11_veneer   0x00000da4        0x0
 .vfp11_veneer  0x00000000        0x0 linker stubs

.v4_bx          0x00000da4        0x0
 .v4_bx         0x00000000        0x0 linker stubs

.iplt           0x00000da4        0x0
 .iplt          0x00000000        0x0 bin/startup_LPC11xx.o

.ARM.extab
 *(.ARM.extab* .gnu.linkonce.armextab.*)
                0x00000da4                __exidx_start = .

.ARM.exidx      0x00000da4        0x8
 *(.ARM.exidx* .gnu.linkonce.armexidx.*)
 .ARM.exidx.isr_vector
                0x00000da4        0x8 bin/startup_LPC11xx.o
                0x00000dac                __exidx_end = .
                0x00000dac                __etext = .

.rel.dyn        0x00000dac        0x0
 .rel.iplt      0x00000000        0x0 bin/startup_LPC11xx.o

.data           0x10000100        0x0 load address 0x00000dac
                0x10000100                __data_start__ = .
 *(vtable)
 *(.data*)
                0x10000100                . = ALIGN (0x4)
                0x10000100                PROVIDE (__preinit_array_start, .)
 *(.preinit_array)
                0x10000100                PROVIDE (__preinit_array_end, .)
                0x10000100                . = ALIGN (0x4)
                0x10000100                PROVIDE (__init_array_start, .)
 *(SORT(.init_array.*))
 *(.init_array)
                0x10000100                PROVIDE (__init_array_end, .)
                0x10000100                . = ALIGN (0x4)
                0x10000100                PROVIDE (__fini_array_start, .)
 *(SORT(.fini_array.*))
 *(.fini_array)
                0x10000100                PROVIDE (__fini_array_end, .)
 *(.jcr*)
                0x10000100                . = ALIGN (0x4)
                0x10000100                __data_end__ = .

.igot.plt       0x10000100        0x0
 .igot.plt      0x00000000        0x0 bin/startup_LPC11xx.o

.bss            0x10000100      0x2a4
                0x10000100                . = ALIGN (0x4)
                0x10000100                __bss_start__ = .
 *(.bss*)
 .bss.tx_buffer
                0x10000100       0x14 bin/can.o
 .bss.rx_buffer
                0x10000114       0x14 bin/can.o
 .bss.can_error_info
                0x10000128        0x4 bin/can.o
 .bss.can_error_flag
                0x1000012c        0x1 bin/can.o
 *fill*         0x1000012d        0x3 
 .bss.str.6455  0x10000130       0x20 bin/board.o
 .bss.can_error_flag
                0x10000150        0x1 bin/main.o
 *fill*         0x10000151        0x3 
 .bss.uart_rx_buffer
                0x10000154        0x8 bin/main.o
 .bss.lastPrint
                0x1000015c        0x4 bin/main.o
 .bss.can_error_info
                0x10000160        0x4 bin/main.o
 .bss.str       0x10000164       0x64 bin/main.o
 *(COMMON)
 COMMON         0x100001c8        0x4 bin/chip_11xx.o
                0x100001c8                SystemCoreClock
 *fill*         0x100001cc        0x4 
 COMMON         0x100001d0      0x1b0 bin/can.o
                0x100001d0                tmp_msg_obj
                0x100001e8                _tx_buffer
                0x100002a8                _rx_buffer
                0x10000368                msg_obj
 COMMON         0x10000380        0x4 bin/board.o
                0x10000380                msTicks
 *fill*         0x10000384        0x4 
 COMMON         0x10000388       0x18 bin/main.o
                0x10000388                rx_msg
 COMMON         0x100003a0        0x4 bin/sysinit.o
                0x100003a0                TicksPerMS
                0x100003a4                . = ALIGN (0x4)
                0x100003a4                __bss_end__ = .

.stack_dummy    0x100003a8      0x200
 *(.stack*)
 .stack         0x100003a8      0x200 bin/startup_LPC11xx.o
                0x10002000                __StackTop = (ORIGIN (RAM) + 0x1f00)
                0x10001e00                __StackLimit = (__StackTop - SIZEOF (.stack_dummy))
                0x10002000                PROVIDE (__stack, __StackTop)
OUTPUT(bin/opel_user_interface.elf elf32-littlearm)

.ARM.attributes
                0x00000000       0x2d
 .ARM.attributes
                0x00000000       0x21 bin/startup_LPC11xx.o
 .ARM.attributes
                0x00000021       0x31 bin/chip_11xx.o
 .ARM.attributes
                0x00000052       0x31 bin/clock_11xx.o
 .ARM.attributes
                0x00000083       0x31 bin/gpio_11xx_2.o
 .ARM.attributes
                0x000000b4       0x31 bin/ring_buffer.o
 .ARM.attributes
                0x000000e5       0x31 bin/uart_11xx.o
 .ARM.attributes
                0x00000116       0x31 bin/can.o
 .ARM.attributes
                0x00000147       0x31 bin/board.o
 .ARM.attributes
                0x00000178       0x31 bin/main.o
 .ARM.attributes
                0x000001a9       0x31 bin/sysinit.o
 .ARM.attributes
                0x000001da       0x1e /usr/bin/../lib/gcc/arm-none-eabi/4.9.3/armv6-m/libgcc.a(_udivsi3.o)
 .ARM.attributes
                0x000001f8       0x1e /usr/bin/../lib/gcc/arm-none-eabi/4.9.3/armv6-m/libgcc.a(_dvmd_tls.o)
 .ARM.attributes
                0x00000216       0x2c /usr/bin/../lib/gcc/arm-none-eabi/4.9.3/../../../../arm-none-eabi/lib/armv6-m/libg.a(lib_a-itoa.o)
 .ARM.attributes
                0x00000242       0x2c /usr/bin/../lib/gcc/arm-none-eabi/4.9.3/../../../../arm-none-eabi/lib/armv6-m/libg.a(lib_a-memcpy.o)
 .ARM.attributes
                0x0000026e       0x2c /usr/bin/../lib/gcc/arm-none-eabi/4.9.3/../../../../arm-none-eabi/lib/armv6-m/libg.a(lib_a-strlen.o)
 .ARM.attributes
                0x0000029a       0x2c /usr/bin/../lib/gcc/arm-none-eabi/4.9.3/../../../../arm-none-eabi/lib/armv6-m/libg.a(lib_a-utoa.o)

.comment        0x00000000       0x70
 .comment       0x00000000       0x70 bin/chip_11xx.o
                                 0x71 (size before relaxing)
 .comment       0x00000000       0x71 bin/clock_11xx.o
 .comment       0x00000000       0x71 bin/gpio_11xx_2.o
 .comment       0x00000000       0x71 bin/ring_buffer.o
 .comment       0x00000000       0x71 bin/uart_11xx.o
 .comment       0x00000000       0x71 bin/can.o
 .comment       0x00000000       0x71 bin/board.o
 .comment       0x00000000       0x71 bin/main.o
 .comment       0x00000000       0x71 bin/sysinit.o

.debug_line     0x00000000     0x2728
 .debug_line    0x00000000       0x94 bin/startup_LPC11xx.o
 .debug_line    0x00000094      0x2eb bin/chip_11xx.o
 .debug_line    0x0000037f      0x40a bin/clock_11xx.o
 .debug_line    0x00000789      0x416 bin/gpio_11xx_2.o
 .debug_line    0x00000b9f      0x313 bin/ring_buffer.o
 .debug_line    0x00000eb2      0x628 bin/uart_11xx.o
 .debug_line    0x000014da      0x5b8 bin/can.o
 .debug_line    0x00001a92      0x5a2 bin/board.o
 .debug_line    0x00002034      0x3f5 bin/main.o
 .debug_line    0x00002429      0x2ff bin/sysinit.o

.debug_info     0x00000000     0x71e7
 .debug_info    0x00000000       0x93 bin/startup_LPC11xx.o
 .debug_info    0x00000093       0xe7 bin/chip_11xx.o
 .debug_info    0x0000017a      0x978 bin/clock_11xx.o
 .debug_info    0x00000af2      0xc60 bin/gpio_11xx_2.o
 .debug_info    0x00001752      0x4a1 bin/ring_buffer.o
 .debug_info    0x00001bf3     0x13a4 bin/uart_11xx.o
 .debug_info    0x00002f97     0x182a bin/can.o
 .debug_info    0x000047c1     0x1af5 bin/board.o
 .debug_info    0x000062b6      0xa1b bin/main.o
 .debug_info    0x00006cd1      0x516 bin/sysinit.o

.debug_abbrev   0x00000000     0x16a1
 .debug_abbrev  0x00000000       0x12 bin/startup_LPC11xx.o
 .debug_abbrev  0x00000012       0x9b bin/chip_11xx.o
 .debug_abbrev  0x000000ad      0x295 bin/clock_11xx.o
 .debug_abbrev  0x00000342      0x1f5 bin/gpio_11xx_2.o
 .debug_abbrev  0x00000537      0x18b bin/ring_buffer.o
 .debug_abbrev  0x000006c2      0x3a1 bin/uart_11xx.o
 .debug_abbrev  0x00000a63      0x43b bin/can.o
 .debug_abbrev  0x00000e9e      0x46f bin/board.o
 .debug_abbrev  0x0000130d      0x2d5 bin/main.o
 .debug_abbrev  0x000015e2       0xbf bin/sysinit.o

.debug_aranges  0x00000000      0x330
 .debug_aranges
                0x00000000       0x28 bin/startup_LPC11xx.o
 .debug_aranges
                0x00000028       0x20 bin/chip_11xx.o
 .debug_aranges
                0x00000048       0x68 bin/clock_11xx.o
 .debug_aranges
                0x000000b0       0x50 bin/gpio_11xx_2.o
 .debug_aranges
                0x00000100       0x40 bin/ring_buffer.o
 .debug_aranges
                0x00000140       0x80 bin/uart_11xx.o
 .debug_aranges
                0x000001c0       0x98 bin/can.o
 .debug_aranges
                0x00000258       0x90 bin/board.o
 .debug_aranges
                0x000002e8       0x28 bin/main.o
 .debug_aranges
                0x00000310       0x20 bin/sysinit.o

.debug_ranges   0x00000000      0x760
 .debug_ranges  0x00000000       0x20 bin/startup_LPC11xx.o
 .debug_ranges  0x00000020       0x10 bin/chip_11xx.o
 .debug_ranges  0x00000030       0xa0 bin/clock_11xx.o
 .debug_ranges  0x000000d0       0xe0 bin/gpio_11xx_2.o
 .debug_ranges  0x000001b0       0x80 bin/ring_buffer.o
 .debug_ranges  0x00000230      0x298 bin/uart_11xx.o
 .debug_ranges  0x000004c8      0x128 bin/can.o
 .debug_ranges  0x000005f0      0x118 bin/board.o
 .debug_ranges  0x00000708       0x48 bin/main.o
 .debug_ranges  0x00000750       0x10 bin/sysinit.o

.debug_macro    0x00000000     0x1843
 .debug_macro   0x00000000      0x160 bin/chip_11xx.o
 .debug_macro   0x00000160      0x160 bin/clock_11xx.o
 .debug_macro   0x000002c0      0x160 bin/gpio_11xx_2.o
 .debug_macro   0x00000420      0x129 bin/ring_buffer.o
 .debug_macro   0x00000549       0x58 bin/ring_buffer.o
 .debug_macro   0x000005a1       0x35 bin/ring_buffer.o
 .debug_macro   0x000005d6       0x9c bin/ring_buffer.o
 .debug_macro   0x00000672      0x166 bin/ring_buffer.o
 .debug_macro   0x000007d8       0x4a bin/ring_buffer.o
 .debug_macro   0x00000822       0x52 bin/ring_buffer.o
 .debug_macro   0x00000874       0x16 bin/ring_buffer.o
 .debug_macro   0x0000088a       0x43 bin/ring_buffer.o
 .debug_macro   0x000008cd      0x180 bin/ring_buffer.o
 .debug_macro   0x00000a4d      0x29d bin/ring_buffer.o
 .debug_macro   0x00000cea       0x10 bin/ring_buffer.o
 .debug_macro   0x00000cfa       0x35 bin/ring_buffer.o
 .debug_macro   0x00000d2f       0x66 bin/ring_buffer.o
 .debug_macro   0x00000d95       0x10 bin/ring_buffer.o
 .debug_macro   0x00000da5      0x160 bin/uart_11xx.o
 .debug_macro   0x00000f05      0x218 bin/can.o
 .debug_macro   0x0000111d      0x22b bin/board.o
 .debug_macro   0x00001348       0xa0 bin/board.o
 .debug_macro   0x000013e8      0x247 bin/main.o
 .debug_macro   0x0000162f      0x214 bin/sysinit.o

.debug_str      0x00000000     0xbc06
 .debug_str     0x00000000     0x7091 bin/chip_11xx.o
                               0x725e (size before relaxing)
 .debug_str     0x00007091      0x7e7 bin/clock_11xx.o
                               0x7a04 (size before relaxing)
 .debug_str     0x00007878      0x45c bin/gpio_11xx_2.o
                               0x78ec (size before relaxing)
 .debug_str     0x00007cd4     0x25ae bin/ring_buffer.o
                               0x584a (size before relaxing)
 .debug_str     0x0000a282      0x310 bin/uart_11xx.o
                               0x7a28 (size before relaxing)
 .debug_str     0x0000a592      0x99a bin/can.o
                               0xa5b6 (size before relaxing)
 .debug_str     0x0000af2c      0x8f1 bin/board.o
                               0xaacd (size before relaxing)
 .debug_str     0x0000b81d       0xf4 bin/main.o
                               0x9da5 (size before relaxing)
 .debug_str     0x0000b911      0x2f5 bin/sysinit.o
                               0x778d (size before relaxing)

.debug_frame    0x00000000      0x8f4
 .debug_frame   0x00000000       0x2c bin/chip_11xx.o
 .debug_frame   0x0000002c       0xd8 bin/clock_11xx.o
 .debug_frame   0x00000104       0xa4 bin/gpio_11xx_2.o
 .debug_frame   0x000001a8       0xd8 bin/ring_buffer.o
 .debug_frame   0x00000280      0x1c8 bin/uart_11xx.o
 .debug_frame   0x00000448      0x198 bin/can.o
 .debug_frame   0x000005e0      0x198 bin/board.o
 .debug_frame   0x00000778       0x54 bin/main.o
 .debug_frame   0x000007cc       0x20 bin/sysinit.o
 .debug_frame   0x000007ec       0x20 /usr/bin/../lib/gcc/arm-none-eabi/4.9.3/armv6-m/libgcc.a(_udivsi3.o)
 .debug_frame   0x0000080c       0x40 /usr/bin/../lib/gcc/arm-none-eabi/4.9.3/../../../../arm-none-eabi/lib/armv6-m/libg.a(lib_a-itoa.o)
 .debug_frame   0x0000084c       0x2c /usr/bin/../lib/gcc/arm-none-eabi/4.9.3/../../../../arm-none-eabi/lib/armv6-m/libg.a(lib_a-memcpy.o)
 .debug_frame   0x00000878       0x28 /usr/bin/../lib/gcc/arm-none-eabi/4.9.3/../../../../arm-none-eabi/lib/armv6-m/libg.a(lib_a-strlen.o)
 .debug_frame   0x000008a0       0x54 /usr/bin/../lib/gcc/arm-none-eabi/4.9.3/../../../../arm-none-eabi/lib/armv6-m/libg.a(lib_a-utoa.o)

.debug_loc      0x00000000     0x2652
 .debug_loc     0x00000000      0x16e bin/clock_11xx.o
 .debug_loc     0x0000016e      0x5a1 bin/gpio_11xx_2.o
 .debug_loc     0x0000070f      0x632 bin/ring_buffer.o
 .debug_loc     0x00000d41      0xcb3 bin/uart_11xx.o
 .debug_loc     0x000019f4      0x61c bin/can.o
 .debug_loc     0x00002010      0x50c bin/board.o
 .debug_loc     0x0000251c      0x136 bin/main.o

Cross Reference Table

Symbol                                            File
ADC_IRQHandler                                    bin/startup_LPC11xx.o
BOD_IRQHandler                                    bin/startup_LPC11xx.o
Baudrate_Calculate                                bin/can.o
Board_CAN_Init                                    bin/board.o
Board_LEDs_Init                                   bin/board.o
                                                  bin/main.o
Board_SPI_Init                                    bin/board.o
Board_SysTick_Init                                bin/board.o
                                                  bin/main.o
Board_UART_Init                                   bin/board.o
                                                  bin/main.o
Board_UART_Print                                  bin/board.o
                                                  bin/main.o
Board_UART_PrintNum                               bin/board.o
                                                  bin/main.o
Board_UART_Println                                bin/board.o
                                                  bin/main.o
Board_UART_Read                                   bin/board.o
Board_UART_SendBlocking                           bin/board.o
Brusa_CheckErr                                    bin/brusa.o
Brusa_CheckOn                                     bin/brusa.o
Brusa_Decode                                      bin/brusa.o
Brusa_DecodeActI                                  bin/brusa.o
Brusa_DecodeActII                                 bin/brusa.o
Brusa_DecodeErr                                   bin/brusa.o
Brusa_DecodeStatus                                bin/brusa.o
Brusa_DecodeTemp                                  bin/brusa.o
Brusa_MakeCTL                                     bin/brusa.o
CAN_GetErrorStatus                                bin/can.o
CAN_GetRxErrorCount                               bin/can.o
CAN_GetTxErrorCount                               bin/can.o
CAN_IRQHandler                                    bin/can.o
                                                  bin/startup_LPC11xx.o
CAN_Init                                          bin/can.o
                                                  bin/main.o
CAN_IsTxBusy                                      bin/can.o
CAN_Receive                                       bin/can.o
                                                  bin/main.o
CAN_ResetPeripheral                               bin/can.o
                                                  bin/main.o
CAN_Transmit                                      bin/can.o
                                                  bin/main.o
CAN_TransmitMsgObj                                bin/can.o
CAN_baudrate_calculate                            bin/board.o
CAN_error                                         bin/can.o
CAN_rx                                            bin/can.o
CAN_tx                                            bin/can.o
Chip_ADC_DeInit                                   bin/adc_11xx.o
Chip_ADC_EnableChannel                            bin/adc_11xx.o
Chip_ADC_Init                                     bin/adc_11xx.o
Chip_ADC_Int_SetChannelCmd                        bin/adc_11xx.o
Chip_ADC_ReadByte                                 bin/adc_11xx.o
Chip_ADC_ReadStatus                               bin/adc_11xx.o
Chip_ADC_ReadValue                                bin/adc_11xx.o
Chip_ADC_SetBurstCmd                              bin/adc_11xx.o
Chip_ADC_SetResolution                            bin/adc_11xx.o
Chip_ADC_SetSampleRate                            bin/adc_11xx.o
Chip_ADC_SetStartMode                             bin/adc_11xx.o
Chip_Clock_GetMainClockRate                       bin/clock_11xx.o
                                                  bin/board.o
                                                  bin/can.o
                                                  bin/uart_11xx.o
                                                  bin/ssp_11xx.o
Chip_Clock_GetSystemClockRate                     bin/clock_11xx.o
                                                  bin/chip_11xx.o
                                                  bin/adc_11xx.o
Chip_Clock_GetSystemPLLInClockRate                bin/clock_11xx.o
Chip_Clock_GetSystemPLLOutClockRate               bin/clock_11xx.o
Chip_Clock_GetWDTOSCRate                          bin/clock_11xx.o
Chip_Clock_SetCLKOUTSource                        bin/clock_11xx.o
Chip_Clock_SetMainClockSource                     bin/clock_11xx.o
                                                  bin/sysinit_11xx.o
Chip_Clock_SetPLLBypass                           bin/clock_11xx.o
Chip_Clock_SetSystemPLLSource                     bin/clock_11xx.o
                                                  bin/sysinit_11xx.o
Chip_Clock_SetWDTClockSource                      bin/clock_11xx.o
Chip_GPIO_DeInit                                  bin/gpio_11xx_2.o
Chip_GPIO_Init                                    bin/gpio_11xx_2.o
                                                  bin/board.o
Chip_GPIO_SetDir                                  bin/gpio_11xx_2.o
Chip_GPIO_SetPinDIR                               bin/gpio_11xx_2.o
Chip_GPIO_SetPortDIR                              bin/gpio_11xx_2.o
Chip_GPIO_SetupPinInt                             bin/gpio_11xx_2.o
Chip_GPIO_WriteDirBit                             bin/gpio_11xx_2.o
                                                  bin/board.o
                                                  bin/mcp2515.o
                                                  bin/ltc6804.o
                                                  bin/lc1024.o
Chip_I2C_DeInit                                   bin/i2c_11xx.o
Chip_I2C_Disable                                  bin/i2c_11xx.o
Chip_I2C_EventHandler                             bin/i2c_11xx.o
Chip_I2C_EventHandlerPolling                      bin/i2c_11xx.o
Chip_I2C_GetClockRate                             bin/i2c_11xx.o
Chip_I2C_GetMasterEventHandler                    bin/i2c_11xx.o
Chip_I2C_Init                                     bin/i2c_11xx.o
Chip_I2C_IsMasterActive                           bin/i2c_11xx.o
Chip_I2C_IsStateChanged                           bin/i2c_11xx.o
Chip_I2C_MasterCmdRead                            bin/i2c_11xx.o
Chip_I2C_MasterRead                               bin/i2c_11xx.o
Chip_I2C_MasterSend                               bin/i2c_11xx.o
Chip_I2C_MasterStateHandler                       bin/i2c_11xx.o
Chip_I2C_MasterTransfer                           bin/i2c_11xx.o
Chip_I2C_SetClockRate                             bin/i2c_11xx.o
Chip_I2C_SetMasterEventHandler                    bin/i2c_11xx.o
Chip_I2C_SlaveSetup                               bin/i2c_11xx.o
Chip_I2C_SlaveStateHandler                        bin/i2c_11xx.o
Chip_PMU_DeepPowerDownState                       bin/pmu_11xx.o
Chip_PMU_Sleep                                    bin/pmu_11xx.o
Chip_PMU_SleepState                               bin/pmu_11xx.o
Chip_SSP_DeInit                                   bin/ssp_11xx.o
Chip_SSP_Init                                     bin/ssp_11xx.o
                                                  bin/ltc6804.o
                                                  bin/lc1024.o
Chip_SSP_Int_FlushData                            bin/ssp_11xx.o
Chip_SSP_Int_RWFrames16Bits                       bin/ssp_11xx.o
Chip_SSP_Int_RWFrames8Bits                        bin/ssp_11xx.o
Chip_SSP_RWFrames_Blocking                        bin/ssp_11xx.o
                                                  bin/mcp2515.o
                                                  bin/ltc6804.o
                                                  bin/lc1024.o
Chip_SSP_ReadFrames_Blocking                      bin/ssp_11xx.o
Chip_SSP_SetBitRate                               bin/ssp_11xx.o
                                                  bin/ltc6804.o
                                                  bin/lc1024.o
Chip_SSP_SetClockRate                             bin/ssp_11xx.o
Chip_SSP_SetMaster                                bin/ssp_11xx.o
                                                  bin/ltc6804.o
                                                  bin/lc1024.o
Chip_SSP_WriteFrames_Blocking                     bin/ssp_11xx.o
                                                  bin/mcp2515.o
                                                  bin/ltc6804.o
                                                  bin/lc1024.o
Chip_SYSCTL_PowerDown                             bin/sysctl_11xx.o
                                                  bin/sysinit_11xx.o
                                                  bin/adc_11xx.o
Chip_SYSCTL_PowerUp                               bin/sysctl_11xx.o
                                                  bin/sysinit_11xx.o
                                                  bin/adc_11xx.o
Chip_SYSCTL_SetDeepSleepPD                        bin/sysctl_11xx.o
Chip_SYSCTL_SetWakeup                             bin/sysctl_11xx.o
Chip_SystemInit                                   bin/sysinit_11xx.o
Chip_TIMER_DeInit                                 bin/timer_11xx.o
Chip_TIMER_ExtMatchControlSet                     bin/timer_11xx.o
Chip_TIMER_Init                                   bin/timer_11xx.o
Chip_TIMER_Reset                                  bin/timer_11xx.o
Chip_UART_DeInit                                  bin/uart_11xx.o
Chip_UART_IRQRBHandler                            bin/uart_11xx.o
Chip_UART_Init                                    bin/uart_11xx.o
                                                  bin/board.o
Chip_UART_RXIntHandlerRB                          bin/uart_11xx.o
Chip_UART_Read                                    bin/uart_11xx.o
                                                  bin/main.o
                                                  bin/board.o
Chip_UART_ReadBlocking                            bin/uart_11xx.o
Chip_UART_ReadRB                                  bin/uart_11xx.o
Chip_UART_Send                                    bin/uart_11xx.o
Chip_UART_SendBlocking                            bin/uart_11xx.o
                                                  bin/main.o
                                                  bin/board.o
Chip_UART_SendRB                                  bin/uart_11xx.o
Chip_UART_SetBaud                                 bin/uart_11xx.o
                                                  bin/board.o
Chip_UART_SetBaudFDR                              bin/uart_11xx.o
Chip_UART_TXIntHandlerRB                          bin/uart_11xx.o
Chip_WWDT_ClearStatusFlag                         bin/wwdt_11xx.o
Chip_WWDT_DeInit                                  bin/wwdt_11xx.o
Chip_WWDT_Init                                    bin/wwdt_11xx.o
Convert_To_CAN_Error                              bin/can.o
Default_Handler                                   bin/startup_LPC11xx.o
HardFault_Handler                                 bin/startup_LPC11xx.o
I2C_IRQHandler                                    bin/startup_LPC11xx.o
LC1024_Init                                       bin/lc1024.o
LC1024_ReadMem                                    bin/lc1024.o
LC1024_ReadStatusReg                              bin/lc1024.o
LC1024_WriteDisable                               bin/lc1024.o
LC1024_WriteEnable                                bin/lc1024.o
LC1024_WriteMem                                   bin/lc1024.o
LED_Off                                           bin/board.o
LED_On                                            bin/board.o
LTC6804_CVST                                      bin/ltc6804.o
LTC6804_ClearCellVoltages                         bin/ltc6804.o
LTC6804_GetCellVoltages                           bin/ltc6804.o
LTC6804_Init                                      bin/ltc6804.o
LTC6804_OpenWireTest                              bin/ltc6804.o
LTC6804_UpdateBalanceStates                       bin/ltc6804.o
LTC6804_VerifyCFG                                 bin/ltc6804.o
LTC6804_WriteCFG                                  bin/ltc6804.o
MBB_DecodeExt                                     bin/a123mbb.o
MBB_DecodeStd                                     bin/a123mbb.o
MBB_MakeCMD                                       bin/a123mbb.o
MCP2515_BitModify                                 bin/mcp2515.o
MCP2515_GetEmptyTransmitBuffer                    bin/mcp2515.o
MCP2515_GetFullReceiveBuffer                      bin/mcp2515.o
MCP2515_Init                                      bin/mcp2515.o
MCP2515_LoadBuffer                                bin/mcp2515.o
MCP2515_LoadBufferData                            bin/mcp2515.o
MCP2515_Mode                                      bin/mcp2515.o
MCP2515_Read                                      bin/mcp2515.o
MCP2515_ReadBuffer                                bin/mcp2515.o
MCP2515_Reset                                     bin/mcp2515.o
MCP2515_SendBuffer                                bin/mcp2515.o
MCP2515_SetBitRate                                bin/mcp2515.o
MCP2515_Write                                     bin/mcp2515.o
NMI_Handler                                       bin/startup_LPC11xx.o
OscRateIn                                         bin/board.o
                                                  bin/clock_11xx.o
PIOINT0_IRQHandler                                bin/startup_LPC11xx.o
PIOINT1_IRQHandler                                bin/startup_LPC11xx.o
PIOINT2_IRQHandler                                bin/startup_LPC11xx.o
PIOINT3_IRQHandler                                bin/startup_LPC11xx.o
PendSV_Handler                                    bin/startup_LPC11xx.o
Reset_Handler                                     bin/startup_LPC11xx.o
RingBuffer_Init                                   bin/ring_buffer.o
                                                  bin/can.o
RingBuffer_Insert                                 bin/ring_buffer.o
                                                  bin/can.o
                                                  bin/uart_11xx.o
RingBuffer_InsertMult                             bin/ring_buffer.o
                                                  bin/uart_11xx.o
RingBuffer_Pop                                    bin/ring_buffer.o
                                                  bin/can.o
                                                  bin/uart_11xx.o
RingBuffer_PopMult                                bin/ring_buffer.o
                                                  bin/uart_11xx.o
SSP0_IRQHandler                                   bin/startup_LPC11xx.o
SSP1_IRQHandler                                   bin/startup_LPC11xx.o
SSP_Buffer_Init                                   bin/board.o
SVC_Handler                                       bin/startup_LPC11xx.o
SysTick_Handler                                   bin/board.o
                                                  bin/startup_LPC11xx.o
SystemCoreClock                                   bin/sysinit.o
                                                  bin/chip_11xx.o
                                                  bin/board.o
                                                  bin/i2c_11xx.o
SystemCoreClockUpdate                             bin/chip_11xx.o
                                                  bin/board.o
SystemInit                                        bin/sysinit.o
                                                  bin/startup_LPC11xx.o
TIMER16_0_IRQHandler                              bin/startup_LPC11xx.o
TIMER16_1_IRQHandler                              bin/startup_LPC11xx.o
TIMER32_0_IRQHandler                              bin/startup_LPC11xx.o
TIMER32_1_IRQHandler                              bin/startup_LPC11xx.o
TicksPerMS                                        bin/sysinit.o
UART_IRQHandler                                   bin/startup_LPC11xx.o
WAKEUP_IRQHandler                                 bin/startup_LPC11xx.o
WDT_IRQHandler                                    bin/startup_LPC11xx.o
ZeroTxBuf                                         bin/lc1024.o
__StackLimit                                      bin/startup_LPC11xx.o
__StackTop                                        bin/startup_LPC11xx.o
__aeabi_cdcmpeq                                   /usr/bin/../lib/gcc/arm-none-eabi/4.9.3/armv6-m/libgcc.a(_arm_cmpdf2.o)
__aeabi_cdcmple                                   /usr/bin/../lib/gcc/arm-none-eabi/4.9.3/armv6-m/libgcc.a(_arm_cmpdf2.o)
__aeabi_cdrcmple                                  /usr/bin/../lib/gcc/arm-none-eabi/4.9.3/armv6-m/libgcc.a(_arm_cmpdf2.o)
__aeabi_d2iz                                      /usr/bin/../lib/gcc/arm-none-eabi/4.9.3/armv6-m/libgcc.a(fixdfsi.o)
                                                  /usr/bin/../lib/gcc/arm-none-eabi/4.9.3/armv6-m/libgcc.a(_fixunsdfsi.o)
__aeabi_d2uiz                                     /usr/bin/../lib/gcc/arm-none-eabi/4.9.3/armv6-m/libgcc.a(_fixunsdfsi.o)
                                                  bin/mcp2515.o
__aeabi_dcmpeq                                    /usr/bin/../lib/gcc/arm-none-eabi/4.9.3/armv6-m/libgcc.a(_arm_cmpdf2.o)
__aeabi_dcmpge                                    /usr/bin/../lib/gcc/arm-none-eabi/4.9.3/armv6-m/libgcc.a(_arm_cmpdf2.o)
                                                  /usr/bin/../lib/gcc/arm-none-eabi/4.9.3/armv6-m/libgcc.a(_fixunsdfsi.o)
__aeabi_dcmpgt                                    /usr/bin/../lib/gcc/arm-none-eabi/4.9.3/armv6-m/libgcc.a(_arm_cmpdf2.o)
__aeabi_dcmple                                    /usr/bin/../lib/gcc/arm-none-eabi/4.9.3/armv6-m/libgcc.a(_arm_cmpdf2.o)
__aeabi_dcmplt                                    /usr/bin/../lib/gcc/arm-none-eabi/4.9.3/armv6-m/libgcc.a(_arm_cmpdf2.o)
__aeabi_dmul                                      /usr/bin/../lib/gcc/arm-none-eabi/4.9.3/armv6-m/libgcc.a(muldf3.o)
                                                  bin/mcp2515.o
__aeabi_dsub                                      /usr/bin/../lib/gcc/arm-none-eabi/4.9.3/armv6-m/libgcc.a(subdf3.o)
                                                  /usr/bin/../lib/gcc/arm-none-eabi/4.9.3/armv6-m/libgcc.a(_fixunsdfsi.o)
__aeabi_i2d                                       /usr/bin/../lib/gcc/arm-none-eabi/4.9.3/armv6-m/libgcc.a(floatsidf.o)
                                                  bin/mcp2515.o
__aeabi_idiv0                                     /usr/bin/../lib/gcc/arm-none-eabi/4.9.3/armv6-m/libgcc.a(_dvmd_tls.o)
                                                  /usr/bin/../lib/gcc/arm-none-eabi/4.9.3/armv6-m/libgcc.a(_udivsi3.o)
__aeabi_ldiv0                                     /usr/bin/../lib/gcc/arm-none-eabi/4.9.3/armv6-m/libgcc.a(_dvmd_tls.o)
                                                  /usr/bin/../lib/gcc/arm-none-eabi/4.9.3/armv6-m/libgcc.a(_aeabi_uldivmod.o)
__aeabi_lmul                                      /usr/bin/../lib/gcc/arm-none-eabi/4.9.3/armv6-m/libgcc.a(_muldi3.o)
                                                  /usr/bin/../lib/gcc/arm-none-eabi/4.9.3/armv6-m/libgcc.a(bpabi.o)
__aeabi_uidiv                                     /usr/bin/../lib/gcc/arm-none-eabi/4.9.3/armv6-m/libgcc.a(_udivsi3.o)
                                                  /usr/bin/../lib/gcc/arm-none-eabi/4.9.3/../../../../arm-none-eabi/lib/armv6-m/libg.a(lib_a-utoa.o)
                                                  bin/board.o
                                                  bin/mcp2515.o
                                                  bin/ltc6804.o
                                                  bin/can.o
                                                  bin/brusa.o
                                                  bin/uart_11xx.o
                                                  bin/ssp_11xx.o
                                                  bin/i2c_11xx.o
                                                  bin/clock_11xx.o
                                                  bin/adc_11xx.o
__aeabi_uidivmod                                  /usr/bin/../lib/gcc/arm-none-eabi/4.9.3/armv6-m/libgcc.a(_udivsi3.o)
                                                  /usr/bin/../lib/gcc/arm-none-eabi/4.9.3/../../../../arm-none-eabi/lib/armv6-m/libg.a(lib_a-utoa.o)
                                                  bin/uart_11xx.o
                                                  bin/ring_buffer.o
__aeabi_uldivmod                                  /usr/bin/../lib/gcc/arm-none-eabi/4.9.3/armv6-m/libgcc.a(_aeabi_uldivmod.o)
                                                  bin/mcp2515.o
__bss_end__                                       bin/startup_LPC11xx.o
__bss_start__                                     bin/startup_LPC11xx.o
__clzdi2                                          /usr/bin/../lib/gcc/arm-none-eabi/4.9.3/armv6-m/libgcc.a(_clzdi2.o)
                                                  /usr/bin/../lib/gcc/arm-none-eabi/4.9.3/armv6-m/libgcc.a(_udivdi3.o)
                                                  /usr/bin/../lib/gcc/arm-none-eabi/4.9.3/armv6-m/libgcc.a(_divdi3.o)
__clzsi2                                          /usr/bin/../lib/gcc/arm-none-eabi/4.9.3/armv6-m/libgcc.a(_clzsi2.o)
                                                  /usr/bin/../lib/gcc/arm-none-eabi/4.9.3/armv6-m/libgcc.a(_clzdi2.o)
                                                  /usr/bin/../lib/gcc/arm-none-eabi/4.9.3/armv6-m/libgcc.a(floatsidf.o)
                                                  /usr/bin/../lib/gcc/arm-none-eabi/4.9.3/armv6-m/libgcc.a(subdf3.o)
                                                  /usr/bin/../lib/gcc/arm-none-eabi/4.9.3/armv6-m/libgcc.a(muldf3.o)
__divdi3                                          /usr/bin/../lib/gcc/arm-none-eabi/4.9.3/armv6-m/libgcc.a(_divdi3.o)
                                                  /usr/bin/../lib/gcc/arm-none-eabi/4.9.3/armv6-m/libgcc.a(bpabi.o)
__eqdf2                                           /usr/bin/../lib/gcc/arm-none-eabi/4.9.3/armv6-m/libgcc.a(eqdf2.o)
                                                  /usr/bin/../lib/gcc/arm-none-eabi/4.9.3/armv6-m/libgcc.a(_arm_cmpdf2.o)
__fixunsdfsi                                      /usr/bin/../lib/gcc/arm-none-eabi/4.9.3/armv6-m/libgcc.a(_fixunsdfsi.o)
__gedf2                                           /usr/bin/../lib/gcc/arm-none-eabi/4.9.3/armv6-m/libgcc.a(gedf2.o)
                                                  /usr/bin/../lib/gcc/arm-none-eabi/4.9.3/armv6-m/libgcc.a(_arm_cmpdf2.o)
__gnu_ldivmod_helper                              /usr/bin/../lib/gcc/arm-none-eabi/4.9.3/armv6-m/libgcc.a(bpabi.o)
__gnu_uldivmod_helper                             /usr/bin/../lib/gcc/arm-none-eabi/4.9.3/armv6-m/libgcc.a(bpabi.o)
                                                  /usr/bin/../lib/gcc/arm-none-eabi/4.9.3/armv6-m/libgcc.a(_aeabi_uldivmod.o)
__gtdf2                                           /usr/bin/../lib/gcc/arm-none-eabi/4.9.3/armv6-m/libgcc.a(gedf2.o)
__isr_vector                                      bin/startup_LPC11xx.o
__itoa                                            /usr/bin/../lib/gcc/arm-none-eabi/4.9.3/../../../../arm-none-eabi/lib/armv6-m/libg.a(lib_a-itoa.o)
__ledf2                                           /usr/bin/../lib/gcc/arm-none-eabi/4.9.3/armv6-m/libgcc.a(ledf2.o)
                                                  /usr/bin/../lib/gcc/arm-none-eabi/4.9.3/armv6-m/libgcc.a(_arm_cmpdf2.o)
__ltdf2                                           /usr/bin/../lib/gcc/arm-none-eabi/4.9.3/armv6-m/libgcc.a(ledf2.o)
__muldi3                                          /usr/bin/../lib/gcc/arm-none-eabi/4.9.3/armv6-m/libgcc.a(_muldi3.o)
__nedf2                                           /usr/bin/../lib/gcc/arm-none-eabi/4.9.3/armv6-m/libgcc.a(eqdf2.o)
__reverse                                         bin/util.o
__udivdi3                                         /usr/bin/../lib/gcc/arm-none-eabi/4.9.3/armv6-m/libgcc.a(_udivdi3.o)
                                                  /usr/bin/../lib/gcc/arm-none-eabi/4.9.3/armv6-m/libgcc.a(bpabi.o)
__udivsi3                                         /usr/bin/../lib/gcc/arm-none-eabi/4.9.3/armv6-m/libgcc.a(_udivsi3.o)
__utoa                                            /usr/bin/../lib/gcc/arm-none-eabi/4.9.3/../../../../arm-none-eabi/lib/armv6-m/libg.a(lib_a-utoa.o)
                                                  /usr/bin/../lib/gcc/arm-none-eabi/4.9.3/../../../../arm-none-eabi/lib/armv6-m/libg.a(lib_a-itoa.o)
_calculate_pec                                    bin/ltc6804.o
_check_owt                                        bin/ltc6804.o
_check_st_results                                 bin/ltc6804.o
_command                                          bin/ltc6804.o
_cs_gpio                                          bin/mcp2515.o
_cs_pin                                           bin/mcp2515.o
_delay                                            bin/main.o
_int_gpio                                         bin/mcp2515.o
_int_pin                                          bin/mcp2515.o
_read                                             bin/ltc6804.o
_rx_buffer                                        bin/can.o
_set_balance_states                               bin/ltc6804.o
_tx_buffer                                        bin/can.o
_wake                                             bin/ltc6804.o
_write                                            bin/ltc6804.o
divu10                                            bin/ltc6804.o
getSlaveIndex                                     bin/i2c_11xx.o
handleMasterXferState                             bin/i2c_11xx.o
handleSlaveXferState                              bin/i2c_11xx.o
itoa                                              /usr/bin/../lib/gcc/arm-none-eabi/4.9.3/../../../../arm-none-eabi/lib/armv6-m/libg.a(lib_a-itoa.o)
                                                  bin/main.o
                                                  bin/board.o
main                                              bin/main.o
                                                  bin/startup_LPC11xx.o
memcpy                                            /usr/bin/../lib/gcc/arm-none-eabi/4.9.3/../../../../arm-none-eabi/lib/armv6-m/libg.a(lib_a-memcpy.o)
                                                  bin/ltc6804.o
                                                  bin/lc1024.o
                                                  bin/ring_buffer.o
memset                                            /usr/bin/../lib/gcc/arm-none-eabi/4.9.3/../../../../arm-none-eabi/lib/armv6-m/libg.a(lib_a-memset.o)
                                                  bin/ltc6804.o
msTicks                                           bin/main.o
                                                  bin/board.o
msg_obj                                           bin/can.o
prepare_tx_msg_obj                                bin/can.o
readAdcVal                                        bin/adc_11xx.o
rx_msg                                            bin/main.o
setStartMode                                      bin/adc_11xx.o
strlen                                            /usr/bin/../lib/gcc/arm-none-eabi/4.9.3/../../../../arm-none-eabi/lib/armv6-m/libg.a(lib_a-strlen.o)
                                                  bin/board.o
tmp_msg_obj                                       bin/can.o
utoa                                              /usr/bin/../lib/gcc/arm-none-eabi/4.9.3/../../../../arm-none-eabi/lib/armv6-m/libg.a(lib_a-utoa.o)
